Archive member included to satisfy reference by file (symbol)

/Applications/ArmGNUToolchain/15.3.rel1/arm-none-eabi/bin/../lib/gcc/arm-none-eabi/15.3.1/thumb/v7e-m+fp/hard/libgcc.a(_aeabi_uldivmod.o)
                              cmake/stm32cubemx/CMakeFiles/STM32_Drivers.dir/__/__/Drivers/STM32F4xx_HAL_Driver/Src/stm32f4xx_hal_rcc.c.obj (__aeabi_uldivmod)
/Applications/ArmGNUToolchain/15.3.rel1/arm-none-eabi/bin/../lib/gcc/arm-none-eabi/15.3.1/thumb/v7e-m+fp/hard/libgcc.a(_udivmoddi4.o)
                              /Applications/ArmGNUToolchain/15.3.rel1/arm-none-eabi/bin/../lib/gcc/arm-none-eabi/15.3.1/thumb/v7e-m+fp/hard/libgcc.a(_aeabi_uldivmod.o) (__udivmoddi4)
/Applications/ArmGNUToolchain/15.3.rel1/arm-none-eabi/bin/../lib/gcc/arm-none-eabi/15.3.1/thumb/v7e-m+fp/hard/libgcc.a(_dvmd_tls.o)
                              /Applications/ArmGNUToolchain/15.3.rel1/arm-none-eabi/bin/../lib/gcc/arm-none-eabi/15.3.1/thumb/v7e-m+fp/hard/libgcc.a(_aeabi_uldivmod.o) (__aeabi_ldiv0)
/Applications/ArmGNUToolchain/15.3.rel1/arm-none-eabi/bin/../lib/gcc/arm-none-eabi/15.3.1/../../../../arm-none-eabi/lib/thumb/v7e-m+fp/hard/libg_nano.a(libc_a-exit.o)
                              /Applications/ArmGNUToolchain/15.3.rel1/arm-none-eabi/bin/../lib/gcc/arm-none-eabi/15.3.1/../../../../arm-none-eabi/lib/thumb/v7e-m+fp/hard/crt0.o (exit)
/Applications/ArmGNUToolchain/15.3.rel1/arm-none-eabi/bin/../lib/gcc/arm-none-eabi/15.3.1/../../../../arm-none-eabi/lib/thumb/v7e-m+fp/hard/libg_nano.a(libc_a-findfp.o)
                              /Applications/ArmGNUToolchain/15.3.rel1/arm-none-eabi/bin/../lib/gcc/arm-none-eabi/15.3.1/../../../../arm-none-eabi/lib/thumb/v7e-m+fp/hard/libg_nano.a(libc_a-exit.o) (__stdio_exit_handler)
/Applications/ArmGNUToolchain/15.3.rel1/arm-none-eabi/bin/../lib/gcc/arm-none-eabi/15.3.1/../../../../arm-none-eabi/lib/thumb/v7e-m+fp/hard/libg_nano.a(libc_a-fwalk.o)
                              /Applications/ArmGNUToolchain/15.3.rel1/arm-none-eabi/bin/../lib/gcc/arm-none-eabi/15.3.1/../../../../arm-none-eabi/lib/thumb/v7e-m+fp/hard/libg_nano.a(libc_a-findfp.o) (_fwalk_sglue)
/Applications/ArmGNUToolchain/15.3.rel1/arm-none-eabi/bin/../lib/gcc/arm-none-eabi/15.3.1/../../../../arm-none-eabi/lib/thumb/v7e-m+fp/hard/libg_nano.a(libc_a-memset.o)
                              /Applications/ArmGNUToolchain/15.3.rel1/arm-none-eabi/bin/../lib/gcc/arm-none-eabi/15.3.1/../../../../arm-none-eabi/lib/thumb/v7e-m+fp/hard/crt0.o (memset)
/Applications/ArmGNUToolchain/15.3.rel1/arm-none-eabi/bin/../lib/gcc/arm-none-eabi/15.3.1/../../../../arm-none-eabi/lib/thumb/v7e-m+fp/hard/libg_nano.a(libc_a-errno.o)
                              CMakeFiles/SDK_Keyboard.dir/Src/sysmem.c.obj (__errno)
/Applications/ArmGNUToolchain/15.3.rel1/arm-none-eabi/bin/../lib/gcc/arm-none-eabi/15.3.1/../../../../arm-none-eabi/lib/thumb/v7e-m+fp/hard/libg_nano.a(libc_a-init.o)
                              /Applications/ArmGNUToolchain/15.3.rel1/arm-none-eabi/bin/../lib/gcc/arm-none-eabi/15.3.1/../../../../arm-none-eabi/lib/thumb/v7e-m+fp/hard/crt0.o (__libc_init_array)
/Applications/ArmGNUToolchain/15.3.rel1/arm-none-eabi/bin/../lib/gcc/arm-none-eabi/15.3.1/../../../../arm-none-eabi/lib/thumb/v7e-m+fp/hard/libg_nano.a(libc_a-lock.o)
                              /Applications/ArmGNUToolchain/15.3.rel1/arm-none-eabi/bin/../lib/gcc/arm-none-eabi/15.3.1/../../../../arm-none-eabi/lib/thumb/v7e-m+fp/hard/libg_nano.a(libc_a-findfp.o) (__retarget_lock_init_recursive)
/Applications/ArmGNUToolchain/15.3.rel1/arm-none-eabi/bin/../lib/gcc/arm-none-eabi/15.3.1/../../../../arm-none-eabi/lib/thumb/v7e-m+fp/hard/libg_nano.a(libc_a-impure.o)
                              /Applications/ArmGNUToolchain/15.3.rel1/arm-none-eabi/bin/../lib/gcc/arm-none-eabi/15.3.1/../../../../arm-none-eabi/lib/thumb/v7e-m+fp/hard/libg_nano.a(libc_a-errno.o) (_impure_ptr)
/Applications/ArmGNUToolchain/15.3.rel1/arm-none-eabi/bin/../lib/gcc/arm-none-eabi/15.3.1/../../../../arm-none-eabi/lib/thumb/v7e-m+fp/hard/libg_nano.a(libc_a-strlen.o)
                              CMakeFiles/SDK_Keyboard.dir/Src/sdk_uart.c.obj (strlen)
/Applications/ArmGNUToolchain/15.3.rel1/arm-none-eabi/bin/../lib/gcc/arm-none-eabi/15.3.1/../../../../arm-none-eabi/lib/thumb/v7e-m+fp/hard/libg_nano.a(libc_a-mallocr.o)
                              /Applications/ArmGNUToolchain/15.3.rel1/arm-none-eabi/bin/../lib/gcc/arm-none-eabi/15.3.1/../../../../arm-none-eabi/lib/thumb/v7e-m+fp/hard/libg_nano.a(libc_a-findfp.o) (_malloc_r)
/Applications/ArmGNUToolchain/15.3.rel1/arm-none-eabi/bin/../lib/gcc/arm-none-eabi/15.3.1/../../../../arm-none-eabi/lib/thumb/v7e-m+fp/hard/libg_nano.a(libc_a-mlock.o)
                              /Applications/ArmGNUToolchain/15.3.rel1/arm-none-eabi/bin/../lib/gcc/arm-none-eabi/15.3.1/../../../../arm-none-eabi/lib/thumb/v7e-m+fp/hard/libg_nano.a(libc_a-mallocr.o) (__malloc_lock)
[...]
Memory Configuration

Name             Origin             Length             Attributes
RAM              0x20000000         0x00020000         xrw
CCMRAM           0x10000000         0x00010000         rw
FLASH            0x08000000         0x00100000         xr
*default*        0x00000000         0xffffffff

Linker script and memory map

LOAD /Applications/ArmGNUToolchain/15.3.rel1/arm-none-eabi/bin/../lib/gcc/arm-none-eabi/15.3.1/thumb/v7e-m+fp/hard/crti.o
LOAD /Applications/ArmGNUToolchain/15.3.rel1/arm-none-eabi/bin/../lib/gcc/arm-none-eabi/15.3.1/thumb/v7e-m+fp/hard/crtbegin.o
LOAD /Applications/ArmGNUToolchain/15.3.rel1/arm-none-eabi/bin/../lib/gcc/arm-none-eabi/15.3.1/../../../../arm-none-eabi/lib/thumb/v7e-m+fp/hard/crt0.o
LOAD CMakeFiles/SDK_Keyboard.dir/Src/main.c.obj
LOAD CMakeFiles/SDK_Keyboard.dir/Src/gpio.c.obj
LOAD CMakeFiles/SDK_Keyboard.dir/Src/i2c.c.obj
LOAD CMakeFiles/SDK_Keyboard.dir/Src/usart.c.obj
LOAD CMakeFiles/SDK_Keyboard.dir/Src/stm32f4xx_it.c.obj
LOAD CMakeFiles/SDK_Keyboard.dir/Src/stm32f4xx_hal_msp.c.obj
LOAD CMakeFiles/SDK_Keyboard.dir/Src/sysmem.c.obj
LOAD CMakeFiles/SDK_Keyboard.dir/Src/syscalls.c.obj
LOAD CMakeFiles/SDK_Keyboard.dir/startup_stm32f407xx.s.obj
LOAD CMakeFiles/SDK_Keyboard.dir/Src/fonts.c.obj
LOAD CMakeFiles/SDK_Keyboard.dir/Src/kb.c.obj
LOAD CMakeFiles/SDK_Keyboard.dir/Src/oled.c.obj
LOAD CMakeFiles/SDK_Keyboard.dir/Src/pca9538.c.obj
LOAD CMakeFiles/SDK_Keyboard.dir/Src/sdk_uart.c.obj
LOAD cmake/stm32cubemx/CMakeFiles/STM32_Drivers.dir/__/__/Src/system_stm32f4xx.c.obj
LOAD cmake/stm32cubemx/CMakeFiles/STM32_Drivers.dir/__/__/Drivers/STM32F4xx_HAL_Driver/Src/stm32f4xx_hal_i2c.c.obj
LOAD cmake/stm32cubemx/CMakeFiles/STM32_Drivers.dir/__/__/Drivers/STM32F4xx_HAL_Driver/Src/stm32f4xx_hal_i2c_ex.c.obj
LOAD cmake/stm32cubemx/CMakeFiles/STM32_Drivers.dir/__/__/Drivers/STM32F4xx_HAL_Driver/Src/stm32f4xx_hal_rcc.c.obj
LOAD cmake/stm32cubemx/CMakeFiles/STM32_Drivers.dir/__/__/Drivers/STM32F4xx_HAL_Driver/Src/stm32f4xx_hal_rcc_ex.c.obj
LOAD cmake/stm32cubemx/CMakeFiles/STM32_Drivers.dir/__/__/Drivers/STM32F4xx_HAL_Driver/Src/stm32f4xx_hal_flash.c.obj
LOAD cmake/stm32cubemx/CMakeFiles/STM32_Drivers.dir/__/__/Drivers/STM32F4xx_HAL_Driver/Src/stm32f4xx_hal_flash_ex.c.obj
LOAD cmake/stm32cubemx/CMakeFiles/STM32_Drivers.dir/__/__/Drivers/STM32F4xx_HAL_Driver/Src/stm32f4xx_hal_flash_ramfunc.c.obj
LOAD cmake/stm32cubemx/CMakeFiles/STM32_Drivers.dir/__/__/Drivers/STM32F4xx_HAL_Driver/Src/stm32f4xx_hal_gpio.c.obj
LOAD cmake/stm32cubemx/CMakeFiles/STM32_Drivers.dir/__/__/Drivers/STM32F4xx_HAL_Driver/Src/stm32f4xx_hal_dma_ex.c.obj
LOAD cmake/stm32cubemx/CMakeFiles/STM32_Drivers.dir/__/__/Drivers/STM32F4xx_HAL_Driver/Src/stm32f4xx_hal_dma.c.obj
LOAD cmake/stm32cubemx/CMakeFiles/STM32_Drivers.dir/__/__/Drivers/STM32F4xx_HAL_Driver/Src/stm32f4xx_hal_pwr.c.obj
LOAD cmake/stm32cubemx/CMakeFiles/STM32_Drivers.dir/__/__/Drivers/STM32F4xx_HAL_Driver/Src/stm32f4xx_hal_pwr_ex.c.obj
LOAD cmake/stm32cubemx/CMakeFiles/STM32_Drivers.dir/__/__/Drivers/STM32F4xx_HAL_Driver/Src/stm32f4xx_hal_cortex.c.obj
LOAD cmake/stm32cubemx/CMakeFiles/STM32_Drivers.dir/__/__/Drivers/STM32F4xx_HAL_Driver/Src/stm32f4xx_hal.c.obj
LOAD cmake/stm32cubemx/CMakeFiles/STM32_Drivers.dir/__/__/Drivers/STM32F4xx_HAL_Driver/Src/stm32f4xx_hal_exti.c.obj
LOAD cmake/stm32cubemx/CMakeFiles/STM32_Drivers.dir/__/__/Drivers/STM32F4xx_HAL_Driver/Src/stm32f4xx_hal_tim.c.obj
LOAD cmake/stm32cubemx/CMakeFiles/STM32_Drivers.dir/__/__/Drivers/STM32F4xx_HAL_Driver/Src/stm32f4xx_hal_tim_ex.c.obj
LOAD cmake/stm32cubemx/CMakeFiles/STM32_Drivers.dir/__/__/Drivers/STM32F4xx_HAL_Driver/Src/stm32f4xx_hal_uart.c.obj
START GROUP
LOAD /Applications/ArmGNUToolchain/15.3.rel1/arm-none-eabi/bin/../lib/gcc/arm-none-eabi/15.3.1/thumb/v7e-m+fp/hard/libgcc.a
LOAD /Applications/ArmGNUToolchain/15.3.rel1/arm-none-eabi/bin/../lib/gcc/arm-none-eabi/15.3.1/../../../../arm-none-eabi/lib/thumb/v7e-m+fp/hard/libg_nano.a
LOAD /Applications/ArmGNUToolchain/15.3.rel1/arm-none-eabi/bin/../lib/gcc/arm-none-eabi/15.3.1/../../../../arm-none-eabi/lib/thumb/v7e-m+fp/hard/libc_nano.a
END GROUP
START GROUP
LOAD /Applications/ArmGNUToolchain/15.3.rel1/arm-none-eabi/bin/../lib/gcc/arm-none-eabi/15.3.1/thumb/v7e-m+fp/hard/libgcc.a
LOAD /Applications/ArmGNUToolchain/15.3.rel1/arm-none-eabi/bin/../lib/gcc/arm-none-eabi/15.3.1/../../../../arm-none-eabi/lib/thumb/v7e-m+fp/hard/libc_nano.a
LOAD /Applications/ArmGNUToolchain/15.3.rel1/arm-none-eabi/bin/../lib/gcc/arm-none-eabi/15.3.1/../../../../arm-none-eabi/lib/thumb/v7e-m+fp/hard/libnosys.a
END GROUP
START GROUP
LOAD /Applications/ArmGNUToolchain/15.3.rel1/arm-none-eabi/bin/../lib/gcc/arm-none-eabi/15.3.1/thumb/v7e-m+fp/hard/libgcc.a
LOAD /Applications/ArmGNUToolchain/15.3.rel1/arm-none-eabi/bin/../lib/gcc/arm-none-eabi/15.3.1/../../../../arm-none-eabi/lib/thumb/v7e-m+fp/hard/libc_nano.a
LOAD /Applications/ArmGNUToolchain/15.3.rel1/arm-none-eabi/bin/../lib/gcc/arm-none-eabi/15.3.1/../../../../arm-none-eabi/lib/thumb/v7e-m+fp/hard/libnosys.a
END GROUP
LOAD /Applications/ArmGNUToolchain/15.3.rel1/arm-none-eabi/bin/../lib/gcc/arm-none-eabi/15.3.1/thumb/v7e-m+fp/hard/crtend.o
LOAD /Applications/ArmGNUToolchain/15.3.rel1/arm-none-eabi/bin/../lib/gcc/arm-none-eabi/15.3.1/thumb/v7e-m+fp/hard/crtn.o
                0x20020000                        _estack = 0x20020000
                0x00000200                        _Min_Heap_Size = 0x200
                0x00000400                        _Min_Stack_Size = 0x400

.isr_vector     0x08000000      0x188
                0x08000000                        . = ALIGN (0x4)
 *(.isr_vector)
 .isr_vector    0x08000000      0x188 CMakeFiles/SDK_Keyboard.dir/startup_stm32f407xx.s.obj
                0x08000000                g_pfnVectors
                0x08000188                        . = ALIGN (0x4)

.text           0x08000188     0xbefc
                0x08000188                        . = ALIGN (0x4)
 *(.text)
 .text          0x08000188      0x30c CMakeFiles/SDK_Keyboard.dir/Src/main.c.obj
                0x08000188                main
                0x080001b2                SystemClock_Config
                0x08000288                KB_Test
                0x080003f4                OLED_KB
                0x0800046c                oled_Reset
                0x08000486                Error_Handler
 .text          0x08000494       0x84 CMakeFiles/SDK_Keyboard.dir/Src/gpio.c.obj
                0x08000494                MX_GPIO_Init
 .text          0x08000518      0x134 CMakeFiles/SDK_Keyboard.dir/Src/i2c.c.obj
                0x08000518                MX_I2C1_Init
                0x08000574                HAL_I2C_MspInit
                0x08000604                HAL_I2C_MspDeInit
 .text          0x0800064c      0x120 CMakeFiles/SDK_Keyboard.dir/Src/usart.c.obj
                0x0800064c                MX_USART6_UART_Init
                0x080006a0                HAL_UART_MspInit
                0x08000730                HAL_UART_MspDeInit
 .text          0x0800076c       0x54 CMakeFiles/SDK_Keyboard.dir/Src/stm32f4xx_it.c.obj
                0x0800076c                NMI_Handler
                0x08000778                HardFault_Handler
                0x0800077e                MemManage_Handler
                0x08000784                BusFault_Handler
                0x0800078a                UsageFault_Handler
                0x08000790                SVC_Handler
                0x0800079c                DebugMon_Handler
                0x080007a8                PendSV_Handler
                0x080007b4                SysTick_Handler
 .text          0x080007c0       0x4c CMakeFiles/SDK_Keyboard.dir/Src/stm32f4xx_hal_msp.c.obj
                0x080007c0                HAL_MspInit
 .text          0x0800080c      0x1b0 CMakeFiles/SDK_Keyboard.dir/Src/kb.c.obj
                0x0800080c                Set_Keyboard
                0x08000870                Check_Row
 .text          0x080009bc      0x4d0 CMakeFiles/SDK_Keyboard.dir/Src/oled.c.obj
                0x080009ec                oled_Init
                0x08000ac4                oled_Fill
                0x08000b08                oled_UpdateScreen
                0x08000b68                oled_DrawPixel
                0x08000c28                oled_DrawHLine
                0x08000c72                oled_DrawVLine
                0x08000cbc                oled_DrawSquare
                0x08000d12                oled_WriteChar
                0x08000e10                oled_WriteString
                0x08000e5c                oled_SetCursor
 .text          0x08000e8c      0x158 CMakeFiles/SDK_Keyboard.dir/Src/pca9538.c.obj
                0x08000e8c                PCA9538_Read_Register
                0x08000ecc                PCA9538_Write_Register
                0x08000f0c                PCA9538_Read_Config
                0x08000f5a                PCA9538_Check_DefaultConfig
                0x08000fc0                PCA9538_Read_Inputs
 .text          0x08000fe4       0x60 CMakeFiles/SDK_Keyboard.dir/Src/sdk_uart.c.obj
                0x08000fe4                UART_Transmit
                0x08001010                UART_Receive
 .text          0x08001044      0x16c cmake/stm32cubemx/CMakeFiles/STM32_Drivers.dir/__/__/Src/system_stm32f4xx.c.obj
                0x08001044                SystemInit
                0x080010b0                SystemCoreClockUpdate
 .text          0x080011b0     0x5e44 cmake/stm32cubemx/CMakeFiles/STM32_Drivers.dir/__/__/Drivers/STM32F4xx_HAL_Driver/Src/stm32f4xx_hal_i2c.c.obj
                0x080011b0                HAL_I2C_Init
                0x08001438                HAL_I2C_DeInit
                0x080014ba                HAL_I2C_Master_Transmit
                0x080016b4                HAL_I2C_Master_Receive
                0x08001b00                HAL_I2C_Slave_Transmit
                0x08001d2c                HAL_I2C_Slave_Receive
                0x08001f40                HAL_I2C_Master_Transmit_IT
                0x08002088                HAL_I2C_Master_Receive_IT
                0x080021e0                HAL_I2C_Slave_Transmit_IT
                0x080022bc                HAL_I2C_Slave_Receive_IT
                0x08002398                HAL_I2C_Master_Transmit_DMA
                0x080025c4                HAL_I2C_Master_Receive_DMA
                0x080027f0                HAL_I2C_Slave_Transmit_DMA
                0x08002960                HAL_I2C_Slave_Receive_DMA
                0x08002ad0                HAL_I2C_Mem_Write
                0x08002cc4                HAL_I2C_Mem_Read
                0x08003110                HAL_I2C_Mem_Write_IT
                0x08003270                HAL_I2C_Mem_Read_IT
                0x080033e8                HAL_I2C_Mem_Write_DMA
                0x08003620                HAL_I2C_Mem_Read_DMA
                0x080038b8                HAL_I2C_IsDeviceReady
                0x08003b00                HAL_I2C_Master_Seq_Transmit_IT
                0x08003c7c                HAL_I2C_Master_Seq_Transmit_DMA
                0x08003efc                HAL_I2C_Master_Seq_Receive_IT
                0x080040e4                HAL_I2C_Master_Seq_Receive_DMA
                0x0800440e                HAL_I2C_Slave_Seq_Transmit_IT
                0x080044f2                HAL_I2C_Slave_Seq_Transmit_DMA
                0x08004734                HAL_I2C_Slave_Seq_Receive_IT
                0x08004818                HAL_I2C_Slave_Seq_Receive_DMA
                0x08004a5c                HAL_I2C_EnableListen_IT
                0x08004ac6                HAL_I2C_DisableListen_IT
                0x08004b3a                HAL_I2C_Master_Abort_IT
                0x08004bc8                HAL_I2C_EV_IRQHandler
                0x08004e94                HAL_I2C_ER_IRQHandler
                0x08004fe2                HAL_I2C_MasterTxCpltCallback
                0x08004ff4                HAL_I2C_MasterRxCpltCallback
                0x08005006                HAL_I2C_SlaveTxCpltCallback
                0x08005018                HAL_I2C_SlaveRxCpltCallback
                0x0800502a                HAL_I2C_AddrCallback
                0x08005044                HAL_I2C_ListenCpltCallback
                0x08005056                HAL_I2C_MemTxCpltCallback
                0x08005068                HAL_I2C_MemRxCpltCallback
                0x0800507a                HAL_I2C_ErrorCallback
                0x0800508c                HAL_I2C_AbortCpltCallback
                0x0800509e                HAL_I2C_GetState
                0x080050b8                HAL_I2C_GetMode
                0x080050d2                HAL_I2C_GetError
 .text          0x08006ff4      0xb60 cmake/stm32cubemx/CMakeFiles/STM32_Drivers.dir/__/__/Drivers/STM32F4xx_HAL_Driver/Src/stm32f4xx_hal_rcc.c.obj
                0x08007002                HAL_RCC_OscConfig
                0x080074e0                HAL_RCC_ClockConfig
                0x080076ac                HAL_RCC_MCOConfig
                0x0800777c                HAL_RCC_EnableCSS
                0x08007794                HAL_RCC_DisableCSS
                0x080077ac                HAL_RCC_GetSysClockFreq
                0x08007934                HAL_RCC_GetHCLKFreq
                0x08007948                HAL_RCC_GetPCLK1Freq
                0x08007970                HAL_RCC_GetPCLK2Freq
                0x08007998                HAL_RCC_GetOscConfig
                0x08007ac0                HAL_RCC_GetClockConfig
                0x08007b20                HAL_RCC_NMI_IRQHandler
                0x08007b48                HAL_RCC_CSSCallback
 .text          0x08007b54      0x64c cmake/stm32cubemx/CMakeFiles/STM32_Drivers.dir/__/__/Drivers/STM32F4xx_HAL_Driver/Src/stm32f4xx_hal_gpio.c.obj
                0x08007b54                HAL_GPIO_Init
                0x08007e88                HAL_GPIO_DeInit
                0x0800807c                HAL_GPIO_ReadPin
                0x080080aa                HAL_GPIO_WritePin
                0x080080da                HAL_GPIO_TogglePin
                0x0800810e                HAL_GPIO_LockPin
                0x0800815c                HAL_GPIO_EXTI_IRQHandler
                0x0800818c                HAL_GPIO_EXTI_Callback
 .text          0x080081a0      0xcb4 cmake/stm32cubemx/CMakeFiles/STM32_Drivers.dir/__/__/Drivers/STM32F4xx_HAL_Driver/Src/stm32f4xx_hal_dma.c.obj
                0x080081a0                HAL_DMA_Init
                0x080082fc                HAL_DMA_DeInit
                0x080083b8                HAL_DMA_Start
                0x0800842e                HAL_DMA_Start_IT
                0x080084de                HAL_DMA_Abort
                0x080085be                HAL_DMA_Abort_IT
                0x08008600                HAL_DMA_PollForTransfer
                0x080087be                HAL_DMA_IRQHandler
                0x08008ad0                HAL_DMA_RegisterCallback
                0x08008b7c                HAL_DMA_UnRegisterCallback
                0x08008c56                HAL_DMA_GetState
                0x08008c70                HAL_DMA_GetError
 .text          0x08008e54      0x664 cmake/stm32cubemx/CMakeFiles/STM32_Drivers.dir/__/__/Drivers/STM32F4xx_HAL_Driver/Src/stm32f4xx_hal_cortex.c.obj
                0x08009224                HAL_NVIC_SetPriorityGrouping
                0x0800923a                HAL_NVIC_SetPriority
                0x08009272                HAL_NVIC_EnableIRQ
                0x0800928e                HAL_NVIC_DisableIRQ
                0x080092aa                HAL_NVIC_SystemReset
                0x080092b2                HAL_SYSTICK_Config
                0x080092ca                HAL_MPU_Disable
                0x080092f8                HAL_MPU_Enable
                0x08009334                HAL_MPU_ConfigRegion
                0x080093bc                HAL_NVIC_GetPriorityGrouping
                0x080093ca                HAL_NVIC_GetPriority
                0x080093f6                HAL_NVIC_SetPendingIRQ
                0x08009412                HAL_NVIC_GetPendingIRQ
                0x08009430                HAL_NVIC_ClearPendingIRQ
                0x0800944c                HAL_NVIC_GetActive
                0x0800946a                HAL_SYSTICK_CLKSourceConfig
                0x080094a0                HAL_SYSTICK_IRQHandler
                0x080094ac                HAL_SYSTICK_Callback
 .text          0x080094b8      0x39c cmake/stm32cubemx/CMakeFiles/STM32_Drivers.dir/__/__/Drivers/STM32F4xx_HAL_Driver/Src/stm32f4xx_hal.c.obj
                0x080094b8                HAL_Init
                0x080094fc                HAL_DeInit
                0x08009560                HAL_MspDeInit
                0x0800956c                HAL_InitTick
                0x080095cc                HAL_IncTick
                0x080095f0                HAL_GetTick
                0x08009604                HAL_GetTickPrio
                0x08009618                HAL_SetTickFreq
                0x08009668                HAL_GetTickFreq
                0x0800967c                HAL_Delay
                0x080096c4                HAL_SuspendTick
                0x080096e0                HAL_ResumeTick
                0x080096fc                HAL_GetHalVersion
                0x08009710                HAL_GetREVID
                0x08009728                HAL_GetDEVID
                0x08009740                HAL_DBGMCU_EnableDBGSleepMode
                0x0800975c                HAL_DBGMCU_DisableDBGSleepMode
                0x08009778                HAL_DBGMCU_EnableDBGStopMode
                0x08009794                HAL_DBGMCU_DisableDBGStopMode
                0x080097b0                HAL_DBGMCU_EnableDBGStandbyMode
                0x080097cc                HAL_DBGMCU_DisableDBGStandbyMode
                0x080097e8                HAL_EnableCompensationCell
                0x08009800                HAL_DisableCompensationCell
                0x08009818                HAL_GetUIDw0
                0x0800982c                HAL_GetUIDw1
                0x08009840                HAL_GetUIDw2
 .text          0x08009854     0x237c cmake/stm32cubemx/CMakeFiles/STM32_Drivers.dir/__/__/Drivers/STM32F4xx_HAL_Driver/Src/stm32f4xx_hal_uart.c.obj
                0x08009854                HAL_UART_Init
                0x080098ee                HAL_HalfDuplex_Init
                0x08009998                HAL_LIN_Init
                0x08009a64                HAL_MultiProcessor_Init
                0x08009b44                HAL_UART_DeInit
                0x08009bc0                HAL_UART_Transmit
                0x08009cf2                HAL_UART_Receive
                0x08009e3e                HAL_UART_Transmit_IT
                0x08009ec6                HAL_UART_Receive_IT
                0x08009f6e                HAL_UART_Transmit_DMA
                0x0800a048                HAL_UART_Receive_DMA
                0x0800a148                HAL_UART_DMAPause
                0x0800a206                HAL_UART_DMAResume
                0x0800a2a6                HAL_UART_DMAStop
                0x0800a354                HAL_UART_Abort
                0x0800a458                HAL_UART_AbortTransmit
                0x0800a4e0                HAL_UART_AbortReceive
                0x0800a578                HAL_UART_Abort_IT
                0x0800a6c0                HAL_UART_AbortTransmit_IT
                0x0800a760                HAL_UART_AbortReceive_IT
                0x0800a810                HAL_UART_IRQHandler
                0x0800aa0c                HAL_UART_TxCpltCallback
                0x0800aa1e                HAL_UART_TxHalfCpltCallback
                0x0800aa30                HAL_UART_RxCpltCallback
                0x0800aa42                HAL_UART_RxHalfCpltCallback
                0x0800aa54                HAL_UART_ErrorCallback
                0x0800aa66                HAL_UART_AbortCpltCallback
                0x0800aa78                HAL_UART_AbortTransmitCpltCallback
                0x0800aa8a                HAL_UART_AbortReceiveCpltCallback
                0x0800aa9c                HAL_LIN_SendBreak
                0x0800aaee                HAL_MultiProcessor_EnterMuteMode
                0x0800ab40                HAL_MultiProcessor_ExitMuteMode
                0x0800ab92                HAL_HalfDuplex_EnableTransmitter
                0x0800abf8                HAL_HalfDuplex_EnableReceiver
                0x0800ac5e                HAL_UART_GetState
                0x0800ac98                HAL_UART_GetError
 .text          0x0800bbd0       0x30 /Applications/ArmGNUToolchain/15.3.rel1/arm-none-eabi/bin/../lib/gcc/arm-none-eabi/15.3.1/thumb/v7e-m+fp/hard/libgcc.a(_aeabi_uldivmod.o)
                0x0800bbd0                __aeabi_uldivmod
 .text          0x0800bc00        0x4 /Applications/ArmGNUToolchain/15.3.rel1/arm-none-eabi/bin/../lib/gcc/arm-none-eabi/15.3.1/thumb/v7e-m+fp/hard/libgcc.a(_dvmd_tls.o)
                0x0800bc00                __aeabi_ldiv0
                0x0800bc00                __aeabi_idiv0
 .text          0x0800bc04       0x10 /Applications/ArmGNUToolchain/15.3.rel1/arm-none-eabi/bin/../lib/gcc/arm-none-eabi/15.3.1/../../../../arm-none-eabi/lib/thumb/v7e-m+fp/hard/libg_nano.a(libc_a-strlen.o)
                0x0800bc04                strlen
 *(.text*)
 .text.deregister_tm_clones
                0x0800bc14       0x1c /Applications/ArmGNUToolchain/15.3.rel1/arm-none-eabi/bin/../lib/gcc/arm-none-eabi/15.3.1/thumb/v7e-m+fp/hard/crtbegin.o
 .text.register_tm_clones
                0x0800bc30       0x24 /Applications/ArmGNUToolchain/15.3.rel1/arm-none-eabi/bin/../lib/gcc/arm-none-eabi/15.3.1/thumb/v7e-m+fp/hard/crtbegin.o
 .text.__do_global_dtors_aux
                0x0800bc54       0x28 /Applications/ArmGNUToolchain/15.3.rel1/arm-none-eabi/bin/../lib/gcc/arm-none-eabi/15.3.1/thumb/v7e-m+fp/hard/crtbegin.o
 .text.frame_dummy
                0x0800bc7c       0x24 /Applications/ArmGNUToolchain/15.3.rel1/arm-none-eabi/bin/../lib/gcc/arm-none-eabi/15.3.1/thumb/v7e-m+fp/hard/crtbegin.o
 .text.Reset_Handler
                0x0800bca0       0x50 CMakeFiles/SDK_Keyboard.dir/startup_stm32f407xx.s.obj
                0x0800bca0                Reset_Handler
 .text.Default_Handler
                0x0800bcf0        0x2 CMakeFiles/SDK_Keyboard.dir/startup_stm32f407xx.s.obj
                0x0800bcf0                DMA1_Stream3_IRQHandler
                0x0800bcf0                HASH_RNG_IRQHandler
                0x0800bcf0                EXTI2_IRQHandler
                0x0800bcf0                TIM8_CC_IRQHandler
                0x0800bcf0                TIM1_CC_IRQHandler
                0x0800bcf0                DMA2_Stream5_IRQHandler
                0x0800bcf0                DMA1_Stream5_IRQHandler
                0x0800bcf0                PVD_IRQHandler
                0x0800bcf0                SDIO_IRQHandler
                0x0800bcf0                TAMP_STAMP_IRQHandler
                0x0800bcf0                CAN2_RX1_IRQHandler
                0x0800bcf0                EXTI3_IRQHandler
                0x0800bcf0                TIM8_TRG_COM_TIM14_IRQHandler
                0x0800bcf0                TIM1_UP_TIM10_IRQHandler
                0x0800bcf0                TIM8_UP_TIM13_IRQHandler
                0x0800bcf0                I2C3_ER_IRQHandler
                0x0800bcf0                EXTI0_IRQHandler
                0x0800bcf0                I2C2_EV_IRQHandler
                0x0800bcf0                DMA1_Stream2_IRQHandler
                0x0800bcf0                CAN1_RX0_IRQHandler
                0x0800bcf0                FPU_IRQHandler
                0x0800bcf0                OTG_HS_WKUP_IRQHandler
                0x0800bcf0                CAN2_SCE_IRQHandler
                0x0800bcf0                DMA2_Stream2_IRQHandler
                0x0800bcf0                SPI1_IRQHandler
                0x0800bcf0                TIM6_DAC_IRQHandler
                0x0800bcf0                TIM1_BRK_TIM9_IRQHandler
                0x0800bcf0                DCMI_IRQHandler
                0x0800bcf0                CAN2_RX0_IRQHandler
                0x0800bcf0                DMA2_Stream3_IRQHandler
                0x0800bcf0                USART6_IRQHandler
                0x0800bcf0                USART3_IRQHandler
                0x0800bcf0                CAN1_RX1_IRQHandler
                0x0800bcf0                UART5_IRQHandler
                0x0800bcf0                DMA2_Stream0_IRQHandler
                0x0800bcf0                TIM4_IRQHandler
                0x0800bcf0                I2C1_EV_IRQHandler
                0x0800bcf0                DMA1_Stream6_IRQHandler
                0x0800bcf0                DMA1_Stream1_IRQHandler
                0x0800bcf0                UART4_IRQHandler
                0x0800bcf0                TIM3_IRQHandler
                0x0800bcf0                RCC_IRQHandler
                0x0800bcf0                TIM8_BRK_TIM12_IRQHandler
                0x0800bcf0                Default_Handler
                0x0800bcf0                EXTI15_10_IRQHandler
                0x0800bcf0                ADC_IRQHandler
                0x0800bcf0                DMA1_Stream7_IRQHandler
                0x0800bcf0                TIM7_IRQHandler
                0x0800bcf0                CAN2_TX_IRQHandler
                0x0800bcf0                TIM5_IRQHandler
                0x0800bcf0                DMA2_Stream7_IRQHandler
                0x0800bcf0                I2C3_EV_IRQHandler
                0x0800bcf0                EXTI9_5_IRQHandler
                0x0800bcf0                RTC_WKUP_IRQHandler
                0x0800bcf0                ETH_WKUP_IRQHandler
                0x0800bcf0                SPI2_IRQHandler
                0x0800bcf0                OTG_HS_EP1_IN_IRQHandler
                0x0800bcf0                DMA1_Stream0_IRQHandler
                0x0800bcf0                CAN1_TX_IRQHandler
                0x0800bcf0                EXTI4_IRQHandler
                0x0800bcf0                FSMC_IRQHandler
                0x0800bcf0                ETH_IRQHandler
                0x0800bcf0                OTG_HS_EP1_OUT_IRQHandler
                0x0800bcf0                WWDG_IRQHandler
                0x0800bcf0                TIM2_IRQHandler
                0x0800bcf0                OTG_FS_WKUP_IRQHandler
                0x0800bcf0                TIM1_TRG_COM_TIM11_IRQHandler
                0x0800bcf0                OTG_HS_IRQHandler
                0x0800bcf0                EXTI1_IRQHandler
                0x0800bcf0                USART2_IRQHandler
                0x0800bcf0                I2C2_ER_IRQHandler
                0x0800bcf0                DMA2_Stream1_IRQHandler
                0x0800bcf0                CAN1_SCE_IRQHandler
                0x0800bcf0                FLASH_IRQHandler
                0x0800bcf0                DMA2_Stream4_IRQHandler
                0x0800bcf0                USART1_IRQHandler
                0x0800bcf0                OTG_FS_IRQHandler
                0x0800bcf0                SPI3_IRQHandler
                0x0800bcf0                DMA1_Stream4_IRQHandler
                0x0800bcf0                I2C1_ER_IRQHandler
                0x0800bcf0                DMA2_Stream6_IRQHandler
                0x0800bcf0                RTC_Alarm_IRQHandler
 *fill*         0x0800bcf2        0x2 
 .text.__udivmoddi4
                0x0800bcf4      0x320 /Applications/ArmGNUToolchain/15.3.rel1/arm-none-eabi/bin/../lib/gcc/arm-none-eabi/15.3.1/thumb/v7e-m+fp/hard/libgcc.a(_udivmoddi4.o)
                0x0800bcf4                __udivmoddi4
 .text.memset   0x0800c014       0x10 /Applications/ArmGNUToolchain/15.3.rel1/arm-none-eabi/bin/../lib/gcc/arm-none-eabi/15.3.1/../../../../arm-none-eabi/lib/thumb/v7e-m+fp/hard/libg_nano.a(libc_a-memset.o)
                0x0800c014                memset
 .text.__libc_init_array
                0x0800c024       0x48 /Applications/ArmGNUToolchain/15.3.rel1/arm-none-eabi/bin/../lib/gcc/arm-none-eabi/15.3.1/../../../../arm-none-eabi/lib/thumb/v7e-m+fp/hard/libg_nano.a(libc_a-init.o)
                0x0800c024                __libc_init_array
 *(.glue_7)
 .glue_7        0x0800c06c        0x0 linker stubs
 *(.glue_7t)
 .glue_7t       0x0800c06c        0x0 linker stubs
 *(.eh_frame)
 .eh_frame      0x0800c06c        0x0 /Applications/ArmGNUToolchain/15.3.rel1/arm-none-eabi/bin/../lib/gcc/arm-none-eabi/15.3.1/thumb/v7e-m+fp/hard/crtbegin.o
 *(.init)
 .init          0x0800c06c        0x4 /Applications/ArmGNUToolchain/15.3.rel1/arm-none-eabi/bin/../lib/gcc/arm-none-eabi/15.3.1/thumb/v7e-m+fp/hard/crti.o
                0x0800c06c                _init
 .init          0x0800c070        0x8 /Applications/ArmGNUToolchain/15.3.rel1/arm-none-eabi/bin/../lib/gcc/arm-none-eabi/15.3.1/thumb/v7e-m+fp/hard/crtn.o
 *(.fini)
 .fini          0x0800c078        0x4 /Applications/ArmGNUToolchain/15.3.rel1/arm-none-eabi/bin/../lib/gcc/arm-none-eabi/15.3.1/thumb/v7e-m+fp/hard/crti.o
                0x0800c078                _fini
 .fini          0x0800c07c        0x8 /Applications/ArmGNUToolchain/15.3.rel1/arm-none-eabi/bin/../lib/gcc/arm-none-eabi/15.3.1/thumb/v7e-m+fp/hard/crtn.o
                0x0800c084                        . = ALIGN (0x4)
                0x0800c084                        _etext = .

.vfp11_veneer   0x0800c084        0x0
 .vfp11_veneer  0x0800c084        0x0 linker stubs

.v4_bx          0x0800c084        0x0
 .v4_bx         0x0800c084        0x0 linker stubs

.iplt           0x0800c084        0x0
 .iplt          0x0800c084        0x0 /Applications/ArmGNUToolchain/15.3.rel1/arm-none-eabi/bin/../lib/gcc/arm-none-eabi/15.3.1/thumb/v7e-m+fp/hard/crtbegin.o

.rodata         0x0800c084     0x2948
                0x0800c084                        . = ALIGN (0x4)
 *(.rodata)
 .rodata        0x0800c084       0x84 CMakeFiles/SDK_Keyboard.dir/Src/main.c.obj
 .rodata        0x0800c108     0x2814 CMakeFiles/SDK_Keyboard.dir/Src/fonts.c.obj
 .rodata        0x0800e91c       0x60 CMakeFiles/SDK_Keyboard.dir/Src/kb.c.obj
 .rodata        0x0800e97c       0x2e CMakeFiles/SDK_Keyboard.dir/Src/pca9538.c.obj
 *fill*         0x0800e9aa        0x2 
 .rodata        0x0800e9ac       0x18 cmake/stm32cubemx/CMakeFiles/STM32_Drivers.dir/__/__/Src/system_stm32f4xx.c.obj
                0x0800e9ac                AHBPrescTable
                0x0800e9bc                APBPrescTable
 .rodata        0x0800e9c4        0x8 cmake/stm32cubemx/CMakeFiles/STM32_Drivers.dir/__/__/Drivers/STM32F4xx_HAL_Driver/Src/stm32f4xx_hal_dma.c.obj
 *(.rodata*)
                0x0800e9cc                        . = ALIGN (0x4)

.ARM.extab
 *(.ARM.extab* .gnu.linkonce.armextab.*)

.ARM            0x0800e9cc        0x8
                0x0800e9cc                        __exidx_start = .
 *(.ARM.exidx*)
 .ARM.exidx     0x0800e9cc        0x8 /Applications/ArmGNUToolchain/15.3.rel1/arm-none-eabi/bin/../lib/gcc/arm-none-eabi/15.3.1/../../../../arm-none-eabi/lib/thumb/v7e-m+fp/hard/libg_nano.a(libc_a-strlen.o)
 .ARM.exidx.text.__udivmoddi4
                0x0800e9d4        0x0 /Applications/ArmGNUToolchain/15.3.rel1/arm-none-eabi/bin/../lib/gcc/arm-none-eabi/15.3.1/thumb/v7e-m+fp/hard/libgcc.a(_udivmoddi4.o)
                                  0x8 (size before relaxing)
                0x0800e9d4                        __exidx_end = .

.rel.dyn        0x0800e9d4        0x0
 .rel.iplt      0x0800e9d4        0x0 /Applications/ArmGNUToolchain/15.3.rel1/arm-none-eabi/bin/../lib/gcc/arm-none-eabi/15.3.1/thumb/v7e-m+fp/hard/crtbegin.o

.preinit_array  0x0800e9d4        0x0
                0x0800e9d4                        PROVIDE (__preinit_array_start = .)
 *(.preinit_array*)
                0x0800e9d4                        PROVIDE (__preinit_array_end = .)

.init_array     0x0800e9d4        0x4
                0x0800e9d4                        PROVIDE (__init_array_start = .)
 *(SORT_BY_NAME(.init_array.*))
 *(.init_array*)
 .init_array    0x0800e9d4        0x4 /Applications/ArmGNUToolchain/15.3.rel1/arm-none-eabi/bin/../lib/gcc/arm-none-eabi/15.3.1/thumb/v7e-m+fp/hard/crtbegin.o
                0x0800e9d8                        PROVIDE (__init_array_end = .)

.fini_array     0x0800e9d8        0x4
                [!provide]                        PROVIDE (__fini_array_start = .)
 *(SORT_BY_NAME(.fini_array.*))
 *(.fini_array*)
 .fini_array    0x0800e9d8        0x4 /Applications/ArmGNUToolchain/15.3.rel1/arm-none-eabi/bin/../lib/gcc/arm-none-eabi/15.3.1/thumb/v7e-m+fp/hard/crtbegin.o
                [!provide]                        PROVIDE (__fini_array_end = .)
                0x0800e9dc                        _sidata = LOADADDR (.data)

.data           0x20000000       0x24 load address 0x0800e9dc
                0x20000000                        . = ALIGN (0x4)
                0x20000000                        _sdata = .
 *(.data)
 .data          0x20000000       0x18 CMakeFiles/SDK_Keyboard.dir/Src/fonts.c.obj
                0x20000000                Font_7x10
                0x20000008                Font_11x18
                0x20000010                Font_16x26
 .data          0x20000018        0x4 cmake/stm32cubemx/CMakeFiles/STM32_Drivers.dir/__/__/Src/system_stm32f4xx.c.obj
                0x20000018                SystemCoreClock
 .data          0x2000001c        0x5 cmake/stm32cubemx/CMakeFiles/STM32_Drivers.dir/__/__/Drivers/STM32F4xx_HAL_Driver/Src/stm32f4xx_hal.c.obj
                0x2000001c                uwTickPrio
                0x20000020                uwTickFreq
 *(.data*)
                0x20000024                        . = ALIGN (0x4)
 *fill*         0x20000021        0x3 
                0x20000024                        _edata = .
                0x0800ea00                        _siccmram = LOADADDR (.ccmram)

.tm_clone_table
                0x20000024        0x0 load address 0x0800ea00
 .tm_clone_table
                0x20000024        0x0 /Applications/ArmGNUToolchain/15.3.rel1/arm-none-eabi/bin/../lib/gcc/arm-none-eabi/15.3.1/thumb/v7e-m+fp/hard/crtbegin.o
 .tm_clone_table
                0x20000024        0x0 /Applications/ArmGNUToolchain/15.3.rel1/arm-none-eabi/bin/../lib/gcc/arm-none-eabi/15.3.1/thumb/v7e-m+fp/hard/crtend.o

.igot.plt       0x20000024        0x0 load address 0x0800ea00
 .igot.plt      0x20000024        0x0 /Applications/ArmGNUToolchain/15.3.rel1/arm-none-eabi/bin/../lib/gcc/arm-none-eabi/15.3.1/thumb/v7e-m+fp/hard/crtbegin.o

.ccmram         0x10000000        0x0 load address 0x0800ea00
                0x10000000                        . = ALIGN (0x4)
                0x10000000                        _sccmram = .
 *(.ccmram)
 *(.ccmram*)
                0x10000000                        . = ALIGN (0x4)
                0x10000000                        _eccmram = .
                0x10000000                        . = ALIGN (0x4)

.bss            0x20000024      0x4bc
                0x20000024                        _sbss = .
                0x20000024                        __bss_start__ = _sbss
 *(.bss)
 .bss           0x20000024       0x54 CMakeFiles/SDK_Keyboard.dir/Src/i2c.c.obj
                0x20000024                hi2c1
 .bss           0x20000078       0x40 CMakeFiles/SDK_Keyboard.dir/Src/usart.c.obj
                0x20000078                huart6
 .bss           0x200000b8      0x406 CMakeFiles/SDK_Keyboard.dir/Src/oled.c.obj
 *fill*         0x200004be        0x2 
 .bss           0x200004c0        0x4 cmake/stm32cubemx/CMakeFiles/STM32_Drivers.dir/__/__/Drivers/STM32F4xx_HAL_Driver/Src/stm32f4xx_hal.c.obj
                0x200004c0                uwTick
 *(.bss*)
 .bss.completed.1
                0x200004c4        0x1 /Applications/ArmGNUToolchain/15.3.rel1/arm-none-eabi/bin/../lib/gcc/arm-none-eabi/15.3.1/thumb/v7e-m+fp/hard/crtbegin.o
 *fill*         0x200004c5        0x3 
 .bss.object.0  0x200004c8       0x18 /Applications/ArmGNUToolchain/15.3.rel1/arm-none-eabi/bin/../lib/gcc/arm-none-eabi/15.3.1/thumb/v7e-m+fp/hard/crtbegin.o
 *(COMMON)
                0x200004e0                        . = ALIGN (0x4)
                0x200004e0                        _ebss = .
                0x200004e0                        __bss_end__ = _ebss

._user_heap_stack
                0x200004e0      0x600
                0x200004e0                        . = ALIGN (0x8)
                [!provide]                        PROVIDE (end = .)
                0x200004e0                        PROVIDE (_end = .)
                0x200006e0                        . = (. + _Min_Heap_Size)
 *fill*         0x200004e0      0x200 
                0x20000ae0                        . = (. + _Min_Stack_Size)
 *fill*         0x200006e0      0x400 
                0x20000ae0                        . = ALIGN (0x8)

/DISCARD/
 libc.a(*)
 libm.a(*)
 libgcc.a(*)

.ARM.attributes
                0x00000000       0x30
 *(.ARM.attributes)
 .ARM.attributes
                0x00000000       0x22 /Applications/ArmGNUToolchain/15.3.rel1/arm-none-eabi/bin/../lib/gcc/arm-none-eabi/15.3.1/thumb/v7e-m+fp/hard/crti.o
 .ARM.attributes
                0x00000022       0x34 /Applications/ArmGNUToolchain/15.3.rel1/arm-none-eabi/bin/../lib/gcc/arm-none-eabi/15.3.1/thumb/v7e-m+fp/hard/crtbegin.o
 .ARM.attributes
                0x00000056       0x34 CMakeFiles/SDK_Keyboard.dir/Src/main.c.obj
 .ARM.attributes
                0x0000008a       0x34 CMakeFiles/SDK_Keyboard.dir/Src/gpio.c.obj
 .ARM.attributes
                0x000000be       0x34 CMakeFiles/SDK_Keyboard.dir/Src/i2c.c.obj
 .ARM.attributes
                0x000000f2       0x34 CMakeFiles/SDK_Keyboard.dir/Src/usart.c.obj
 .ARM.attributes
                0x00000126       0x34 CMakeFiles/SDK_Keyboard.dir/Src/stm32f4xx_it.c.obj
 .ARM.attributes
                0x0000015a       0x34 CMakeFiles/SDK_Keyboard.dir/Src/stm32f4xx_hal_msp.c.obj
 .ARM.attributes
                0x0000018e       0x21 CMakeFiles/SDK_Keyboard.dir/startup_stm32f407xx.s.obj
 .ARM.attributes
                0x000001af       0x34 CMakeFiles/SDK_Keyboard.dir/Src/fonts.c.obj
 .ARM.attributes
                0x000001e3       0x34 CMakeFiles/SDK_Keyboard.dir/Src/kb.c.obj
 .ARM.attributes
                0x00000217       0x34 CMakeFiles/SDK_Keyboard.dir/Src/oled.c.obj
 .ARM.attributes
                0x0000024b       0x34 CMakeFiles/SDK_Keyboard.dir/Src/pca9538.c.obj
 .ARM.attributes
                0x0000027f       0x34 CMakeFiles/SDK_Keyboard.dir/Src/sdk_uart.c.obj
 .ARM.attributes
                0x000002b3       0x34 cmake/stm32cubemx/CMakeFiles/STM32_Drivers.dir/__/__/Src/system_stm32f4xx.c.obj
 .ARM.attributes
                0x000002e7       0x34 cmake/stm32cubemx/CMakeFiles/STM32_Drivers.dir/__/__/Drivers/STM32F4xx_HAL_Driver/Src/stm32f4xx_hal_i2c.c.obj
 .ARM.attributes
                0x0000031b       0x34 cmake/stm32cubemx/CMakeFiles/STM32_Drivers.dir/__/__/Drivers/STM32F4xx_HAL_Driver/Src/stm32f4xx_hal_rcc.c.obj
 .ARM.attributes
                0x0000034f       0x34 cmake/stm32cubemx/CMakeFiles/STM32_Drivers.dir/__/__/Drivers/STM32F4xx_HAL_Driver/Src/stm32f4xx_hal_gpio.c.obj
 .ARM.attributes
                0x00000383       0x34 cmake/stm32cubemx/CMakeFiles/STM32_Drivers.dir/__/__/Drivers/STM32F4xx_HAL_Driver/Src/stm32f4xx_hal_dma.c.obj
 .ARM.attributes
                0x000003b7       0x34 cmake/stm32cubemx/CMakeFiles/STM32_Drivers.dir/__/__/Drivers/STM32F4xx_HAL_Driver/Src/stm32f4xx_hal_cortex.c.obj
 .ARM.attributes
                0x000003eb       0x34 cmake/stm32cubemx/CMakeFiles/STM32_Drivers.dir/__/__/Drivers/STM32F4xx_HAL_Driver/Src/stm32f4xx_hal.c.obj
 .ARM.attributes
                0x0000041f       0x34 cmake/stm32cubemx/CMakeFiles/STM32_Drivers.dir/__/__/Drivers/STM32F4xx_HAL_Driver/Src/stm32f4xx_hal_uart.c.obj
 .ARM.attributes
                0x00000453       0x22 /Applications/ArmGNUToolchain/15.3.rel1/arm-none-eabi/bin/../lib/gcc/arm-none-eabi/15.3.1/thumb/v7e-m+fp/hard/libgcc.a(_aeabi_uldivmod.o)
 .ARM.attributes
                0x00000475       0x34 /Applications/ArmGNUToolchain/15.3.rel1/arm-none-eabi/bin/../lib/gcc/arm-none-eabi/15.3.1/thumb/v7e-m+fp/hard/libgcc.a(_udivmoddi4.o)
 .ARM.attributes
                0x000004a9       0x22 /Applications/ArmGNUToolchain/15.3.rel1/arm-none-eabi/bin/../lib/gcc/arm-none-eabi/15.3.1/thumb/v7e-m+fp/hard/libgcc.a(_dvmd_tls.o)
 .ARM.attributes
                0x000004cb       0x34 /Applications/ArmGNUToolchain/15.3.rel1/arm-none-eabi/bin/../lib/gcc/arm-none-eabi/15.3.1/../../../../arm-none-eabi/lib/thumb/v7e-m+fp/hard/libg_nano.a(libc_a-memset.o)
 .ARM.attributes
                0x000004ff       0x34 /Applications/ArmGNUToolchain/15.3.rel1/arm-none-eabi/bin/../lib/gcc/arm-none-eabi/15.3.1/../../../../arm-none-eabi/lib/thumb/v7e-m+fp/hard/libg_nano.a(libc_a-init.o)
 .ARM.attributes
                0x00000533       0x17 /Applications/ArmGNUToolchain/15.3.rel1/arm-none-eabi/bin/../lib/gcc/arm-none-eabi/15.3.1/../../../../arm-none-eabi/lib/thumb/v7e-m+fp/hard/libg_nano.a(libc_a-strlen.o)
 .ARM.attributes
                0x0000054a       0x34 /Applications/ArmGNUToolchain/15.3.rel1/arm-none-eabi/bin/../lib/gcc/arm-none-eabi/15.3.1/thumb/v7e-m+fp/hard/crtend.o
 .ARM.attributes
                0x0000057e       0x22 /Applications/ArmGNUToolchain/15.3.rel1/arm-none-eabi/bin/../lib/gcc/arm-none-eabi/15.3.1/thumb/v7e-m+fp/hard/crtn.o
OUTPUT(SDK_Keyboard elf32-littlearm)
LOAD linker stubs
LOAD /Applications/ArmGNUToolchain/15.3.rel1/arm-none-eabi/bin/../lib/gcc/arm-none-eabi/15.3.1/../../../../arm-none-eabi/lib/thumb/v7e-m+fp/hard/libc.a
LOAD /Applications/ArmGNUToolchain/15.3.rel1/arm-none-eabi/bin/../lib/gcc/arm-none-eabi/15.3.1/../../../../arm-none-eabi/lib/thumb/v7e-m+fp/hard/libm.a
LOAD /Applications/ArmGNUToolchain/15.3.rel1/arm-none-eabi/bin/../lib/gcc/arm-none-eabi/15.3.1/thumb/v7e-m+fp/hard/libgcc.a

.debug_info     0x00000000     0xa46d
 .debug_info    0x00000000      0x703 CMakeFiles/SDK_Keyboard.dir/Src/main.c.obj
 .debug_info    0x00000703      0x29b CMakeFiles/SDK_Keyboard.dir/Src/gpio.c.obj
 .debug_info    0x0000099e      0x967 CMakeFiles/SDK_Keyboard.dir/Src/i2c.c.obj
 .debug_info    0x00001305      0x8d3 CMakeFiles/SDK_Keyboard.dir/Src/usart.c.obj
 .debug_info    0x00001bd8      0x10e CMakeFiles/SDK_Keyboard.dir/Src/stm32f4xx_it.c.obj
 .debug_info    0x00001ce6      0x265 CMakeFiles/SDK_Keyboard.dir/Src/stm32f4xx_hal_msp.c.obj
 .debug_info    0x00001f4b       0x30 CMakeFiles/SDK_Keyboard.dir/startup_stm32f407xx.s.obj
 .debug_info    0x00001f7b      0x19d CMakeFiles/SDK_Keyboard.dir/Src/fonts.c.obj
 .debug_info    0x00002118      0x1f4 CMakeFiles/SDK_Keyboard.dir/Src/kb.c.obj
 .debug_info    0x0000230c      0x9e9 CMakeFiles/SDK_Keyboard.dir/Src/oled.c.obj
 .debug_info    0x00002cf5      0x810 CMakeFiles/SDK_Keyboard.dir/Src/pca9538.c.obj
 .debug_info    0x00003505      0x646 CMakeFiles/SDK_Keyboard.dir/Src/sdk_uart.c.obj
 .debug_info    0x00003b4b      0x50e cmake/stm32cubemx/CMakeFiles/STM32_Drivers.dir/__/__/Src/system_stm32f4xx.c.obj
 .debug_info    0x00004059     0x2355 cmake/stm32cubemx/CMakeFiles/STM32_Drivers.dir/__/__/Drivers/STM32F4xx_HAL_Driver/Src/stm32f4xx_hal_i2c.c.obj
 .debug_info    0x000063ae      0x8ad cmake/stm32cubemx/CMakeFiles/STM32_Drivers.dir/__/__/Drivers/STM32F4xx_HAL_Driver/Src/stm32f4xx_hal_rcc.c.obj
 .debug_info    0x00006c5b      0x6b0 cmake/stm32cubemx/CMakeFiles/STM32_Drivers.dir/__/__/Drivers/STM32F4xx_HAL_Driver/Src/stm32f4xx_hal_gpio.c.obj
 .debug_info    0x0000730b      0x8e3 cmake/stm32cubemx/CMakeFiles/STM32_Drivers.dir/__/__/Drivers/STM32F4xx_HAL_Driver/Src/stm32f4xx_hal_dma.c.obj
 .debug_info    0x00007bee      0xd42 cmake/stm32cubemx/CMakeFiles/STM32_Drivers.dir/__/__/Drivers/STM32F4xx_HAL_Driver/Src/stm32f4xx_hal_cortex.c.obj
 .debug_info    0x00008930      0x944 cmake/stm32cubemx/CMakeFiles/STM32_Drivers.dir/__/__/Drivers/STM32F4xx_HAL_Driver/Src/stm32f4xx_hal.c.obj
 .debug_info    0x00009274     0x11f9 cmake/stm32cubemx/CMakeFiles/STM32_Drivers.dir/__/__/Drivers/STM32F4xx_HAL_Driver/Src/stm32f4xx_hal_uart.c.obj

.debug_abbrev   0x00000000     0x222c
 .debug_abbrev  0x00000000      0x237 CMakeFiles/SDK_Keyboard.dir/Src/main.c.obj
 .debug_abbrev  0x00000237       0xd6 CMakeFiles/SDK_Keyboard.dir/Src/gpio.c.obj
 .debug_abbrev  0x0000030d      0x1f0 CMakeFiles/SDK_Keyboard.dir/Src/i2c.c.obj
 .debug_abbrev  0x000004fd      0x1f0 CMakeFiles/SDK_Keyboard.dir/Src/usart.c.obj
 .debug_abbrev  0x000006ed       0x71 CMakeFiles/SDK_Keyboard.dir/Src/stm32f4xx_it.c.obj
 .debug_abbrev  0x0000075e       0xd6 CMakeFiles/SDK_Keyboard.dir/Src/stm32f4xx_hal_msp.c.obj
 .debug_abbrev  0x00000834       0x24 CMakeFiles/SDK_Keyboard.dir/startup_stm32f407xx.s.obj
 .debug_abbrev  0x00000858       0xb1 CMakeFiles/SDK_Keyboard.dir/Src/fonts.c.obj
 .debug_abbrev  0x00000909      0x112 CMakeFiles/SDK_Keyboard.dir/Src/kb.c.obj
 .debug_abbrev  0x00000a1b      0x22e CMakeFiles/SDK_Keyboard.dir/Src/oled.c.obj
 .debug_abbrev  0x00000c49      0x1ce CMakeFiles/SDK_Keyboard.dir/Src/pca9538.c.obj
 .debug_abbrev  0x00000e17      0x1af CMakeFiles/SDK_Keyboard.dir/Src/sdk_uart.c.obj
 .debug_abbrev  0x00000fc6      0x118 cmake/stm32cubemx/CMakeFiles/STM32_Drivers.dir/__/__/Src/system_stm32f4xx.c.obj
 .debug_abbrev  0x000010de      0x2aa cmake/stm32cubemx/CMakeFiles/STM32_Drivers.dir/__/__/Drivers/STM32F4xx_HAL_Driver/Src/stm32f4xx_hal_i2c.c.obj
 .debug_abbrev  0x00001388      0x2b4 cmake/stm32cubemx/CMakeFiles/STM32_Drivers.dir/__/__/Drivers/STM32F4xx_HAL_Driver/Src/stm32f4xx_hal_rcc.c.obj
 .debug_abbrev  0x0000163c      0x1d2 cmake/stm32cubemx/CMakeFiles/STM32_Drivers.dir/__/__/Drivers/STM32F4xx_HAL_Driver/Src/stm32f4xx_hal_gpio.c.obj
 .debug_abbrev  0x0000180e      0x262 cmake/stm32cubemx/CMakeFiles/STM32_Drivers.dir/__/__/Drivers/STM32F4xx_HAL_Driver/Src/stm32f4xx_hal_dma.c.obj
 .debug_abbrev  0x00001a70      0x325 cmake/stm32cubemx/CMakeFiles/STM32_Drivers.dir/__/__/Drivers/STM32F4xx_HAL_Driver/Src/stm32f4xx_hal_cortex.c.obj
 .debug_abbrev  0x00001d95      0x211 cmake/stm32cubemx/CMakeFiles/STM32_Drivers.dir/__/__/Drivers/STM32F4xx_HAL_Driver/Src/stm32f4xx_hal.c.obj
 .debug_abbrev  0x00001fa6      0x286 cmake/stm32cubemx/CMakeFiles/STM32_Drivers.dir/__/__/Drivers/STM32F4xx_HAL_Driver/Src/stm32f4xx_hal_uart.c.obj

.debug_aranges  0x00000000      0x280
 .debug_aranges
                0x00000000       0x20 CMakeFiles/SDK_Keyboard.dir/Src/main.c.obj
 .debug_aranges
                0x00000020       0x20 CMakeFiles/SDK_Keyboard.dir/Src/gpio.c.obj
 .debug_aranges
                0x00000040       0x20 CMakeFiles/SDK_Keyboard.dir/Src/i2c.c.obj
 .debug_aranges
                0x00000060       0x20 CMakeFiles/SDK_Keyboard.dir/Src/usart.c.obj
 .debug_aranges
                0x00000080       0x20 CMakeFiles/SDK_Keyboard.dir/Src/stm32f4xx_it.c.obj
 .debug_aranges
                0x000000a0       0x20 CMakeFiles/SDK_Keyboard.dir/Src/stm32f4xx_hal_msp.c.obj
 .debug_aranges
                0x000000c0       0x28 CMakeFiles/SDK_Keyboard.dir/startup_stm32f407xx.s.obj
 .debug_aranges
                0x000000e8       0x18 CMakeFiles/SDK_Keyboard.dir/Src/fonts.c.obj
 .debug_aranges
                0x00000100       0x20 CMakeFiles/SDK_Keyboard.dir/Src/kb.c.obj
 .debug_aranges
                0x00000120       0x20 CMakeFiles/SDK_Keyboard.dir/Src/oled.c.obj
 .debug_aranges
                0x00000140       0x20 CMakeFiles/SDK_Keyboard.dir/Src/pca9538.c.obj
 .debug_aranges
                0x00000160       0x20 CMakeFiles/SDK_Keyboard.dir/Src/sdk_uart.c.obj
 .debug_aranges
                0x00000180       0x20 cmake/stm32cubemx/CMakeFiles/STM32_Drivers.dir/__/__/Src/system_stm32f4xx.c.obj
 .debug_aranges
                0x000001a0       0x20 cmake/stm32cubemx/CMakeFiles/STM32_Drivers.dir/__/__/Drivers/STM32F4xx_HAL_Driver/Src/stm32f4xx_hal_i2c.c.obj
 .debug_aranges
                0x000001c0       0x20 cmake/stm32cubemx/CMakeFiles/STM32_Drivers.dir/__/__/Drivers/STM32F4xx_HAL_Driver/Src/stm32f4xx_hal_rcc.c.obj
 .debug_aranges
                0x000001e0       0x20 cmake/stm32cubemx/CMakeFiles/STM32_Drivers.dir/__/__/Drivers/STM32F4xx_HAL_Driver/Src/stm32f4xx_hal_gpio.c.obj
 .debug_aranges
                0x00000200       0x20 cmake/stm32cubemx/CMakeFiles/STM32_Drivers.dir/__/__/Drivers/STM32F4xx_HAL_Driver/Src/stm32f4xx_hal_dma.c.obj
 .debug_aranges
                0x00000220       0x20 cmake/stm32cubemx/CMakeFiles/STM32_Drivers.dir/__/__/Drivers/STM32F4xx_HAL_Driver/Src/stm32f4xx_hal_cortex.c.obj
 .debug_aranges
                0x00000240       0x20 cmake/stm32cubemx/CMakeFiles/STM32_Drivers.dir/__/__/Drivers/STM32F4xx_HAL_Driver/Src/stm32f4xx_hal.c.obj
 .debug_aranges
                0x00000260       0x20 cmake/stm32cubemx/CMakeFiles/STM32_Drivers.dir/__/__/Drivers/STM32F4xx_HAL_Driver/Src/stm32f4xx_hal_uart.c.obj

.debug_line     0x00000000     0x8968
 .debug_line    0x00000000      0x4a3 CMakeFiles/SDK_Keyboard.dir/Src/main.c.obj
 .debug_line    0x000004a3      0x1e3 CMakeFiles/SDK_Keyboard.dir/Src/gpio.c.obj
 .debug_line    0x00000686      0x363 CMakeFiles/SDK_Keyboard.dir/Src/i2c.c.obj
 .debug_line    0x000009e9      0x364 CMakeFiles/SDK_Keyboard.dir/Src/usart.c.obj
 .debug_line    0x00000d4d      0x145 CMakeFiles/SDK_Keyboard.dir/Src/stm32f4xx_it.c.obj
 .debug_line    0x00000e92      0x1ef CMakeFiles/SDK_Keyboard.dir/Src/stm32f4xx_hal_msp.c.obj
 .debug_line    0x00001081       0x78 CMakeFiles/SDK_Keyboard.dir/startup_stm32f407xx.s.obj
 .debug_line    0x000010f9      0x186 CMakeFiles/SDK_Keyboard.dir/Src/fonts.c.obj
 .debug_line    0x0000127f      0x2f9 CMakeFiles/SDK_Keyboard.dir/Src/kb.c.obj
 .debug_line    0x00001578      0x4f8 CMakeFiles/SDK_Keyboard.dir/Src/oled.c.obj
 .debug_line    0x00001a70      0x38b CMakeFiles/SDK_Keyboard.dir/Src/pca9538.c.obj
 .debug_line    0x00001dfb      0x3c9 CMakeFiles/SDK_Keyboard.dir/Src/sdk_uart.c.obj
 .debug_line    0x000021c4      0x32d cmake/stm32cubemx/CMakeFiles/STM32_Drivers.dir/__/__/Src/system_stm32f4xx.c.obj
 .debug_line    0x000024f1     0x2f46 cmake/stm32cubemx/CMakeFiles/STM32_Drivers.dir/__/__/Drivers/STM32F4xx_HAL_Driver/Src/stm32f4xx_hal_i2c.c.obj
 .debug_line    0x00005437      0x918 cmake/stm32cubemx/CMakeFiles/STM32_Drivers.dir/__/__/Drivers/STM32F4xx_HAL_Driver/Src/stm32f4xx_hal_rcc.c.obj
 .debug_line    0x00005d4f      0x6ac cmake/stm32cubemx/CMakeFiles/STM32_Drivers.dir/__/__/Drivers/STM32F4xx_HAL_Driver/Src/stm32f4xx_hal_gpio.c.obj
 .debug_line    0x000063fb      0xa8a cmake/stm32cubemx/CMakeFiles/STM32_Drivers.dir/__/__/Drivers/STM32F4xx_HAL_Driver/Src/stm32f4xx_hal_dma.c.obj
 .debug_line    0x00006e85      0x6d7 cmake/stm32cubemx/CMakeFiles/STM32_Drivers.dir/__/__/Drivers/STM32F4xx_HAL_Driver/Src/stm32f4xx_hal_cortex.c.obj
 .debug_line    0x0000755c      0x4ac cmake/stm32cubemx/CMakeFiles/STM32_Drivers.dir/__/__/Drivers/STM32F4xx_HAL_Driver/Src/stm32f4xx_hal.c.obj
 .debug_line    0x00007a08      0xf60 cmake/stm32cubemx/CMakeFiles/STM32_Drivers.dir/__/__/Drivers/STM32F4xx_HAL_Driver/Src/stm32f4xx_hal_uart.c.obj

.debug_str      0x00000000     0x35aa
 .debug_str     0x00000000     0x35aa CMakeFiles/SDK_Keyboard.dir/Src/main.c.obj
                                0x5a4 (size before relaxing)
 .debug_str     0x000035aa        0x0 CMakeFiles/SDK_Keyboard.dir/Src/gpio.c.obj
                                0x2cb (size before relaxing)
 .debug_str     0x000035aa        0x0 CMakeFiles/SDK_Keyboard.dir/Src/i2c.c.obj
                                0x8da (size before relaxing)
 .debug_str     0x000035aa        0x0 CMakeFiles/SDK_Keyboard.dir/Src/usart.c.obj
                                0x805 (size before relaxing)
 .debug_str     0x000035aa        0x0 CMakeFiles/SDK_Keyboard.dir/Src/stm32f4xx_it.c.obj
                                0x24b (size before relaxing)
 .debug_str     0x000035aa        0x0 CMakeFiles/SDK_Keyboard.dir/Src/stm32f4xx_hal_msp.c.obj
                                0x2d7 (size before relaxing)
 .debug_str     0x000035aa        0x0 CMakeFiles/SDK_Keyboard.dir/startup_stm32f407xx.s.obj
                                 0xca (size before relaxing)
 .debug_str     0x000035aa        0x0 CMakeFiles/SDK_Keyboard.dir/Src/fonts.c.obj
                                0x22d (size before relaxing)
 .debug_str     0x000035aa        0x0 CMakeFiles/SDK_Keyboard.dir/Src/kb.c.obj
                                0x2a9 (size before relaxing)
 .debug_str     0x000035aa        0x0 CMakeFiles/SDK_Keyboard.dir/Src/oled.c.obj
                                0x84e (size before relaxing)
 .debug_str     0x000035aa        0x0 CMakeFiles/SDK_Keyboard.dir/Src/pca9538.c.obj
                                0x7f0 (size before relaxing)
 .debug_str     0x000035aa        0x0 CMakeFiles/SDK_Keyboard.dir/Src/sdk_uart.c.obj
                                0x676 (size before relaxing)
 .debug_str     0x000035aa        0x0 cmake/stm32cubemx/CMakeFiles/STM32_Drivers.dir/__/__/Src/system_stm32f4xx.c.obj
                                0x3a3 (size before relaxing)
 .debug_str     0x000035aa        0x0 cmake/stm32cubemx/CMakeFiles/STM32_Drivers.dir/__/__/Drivers/STM32F4xx_HAL_Driver/Src/stm32f4xx_hal_i2c.c.obj
                               0x1058 (size before relaxing)
 .debug_str     0x000035aa        0x0 cmake/stm32cubemx/CMakeFiles/STM32_Drivers.dir/__/__/Drivers/STM32F4xx_HAL_Driver/Src/stm32f4xx_hal_rcc.c.obj
                                0x728 (size before relaxing)
 .debug_str     0x000035aa        0x0 cmake/stm32cubemx/CMakeFiles/STM32_Drivers.dir/__/__/Drivers/STM32F4xx_HAL_Driver/Src/stm32f4xx_hal_gpio.c.obj
                                0x513 (size before relaxing)
 .debug_str     0x000035aa        0x0 cmake/stm32cubemx/CMakeFiles/STM32_Drivers.dir/__/__/Drivers/STM32F4xx_HAL_Driver/Src/stm32f4xx_hal_dma.c.obj
                                0x7a9 (size before relaxing)
 .debug_str     0x000035aa        0x0 cmake/stm32cubemx/CMakeFiles/STM32_Drivers.dir/__/__/Drivers/STM32F4xx_HAL_Driver/Src/stm32f4xx_hal_cortex.c.obj
                                0xc5f (size before relaxing)
 .debug_str     0x000035aa        0x0 cmake/stm32cubemx/CMakeFiles/STM32_Drivers.dir/__/__/Drivers/STM32F4xx_HAL_Driver/Src/stm32f4xx_hal.c.obj
                                0xb97 (size before relaxing)
 .debug_str     0x000035aa        0x0 cmake/stm32cubemx/CMakeFiles/STM32_Drivers.dir/__/__/Drivers/STM32F4xx_HAL_Driver/Src/stm32f4xx_hal_uart.c.obj
                                0xc54 (size before relaxing)

.comment        0x00000000       0x46
 .comment       0x00000000       0x46 CMakeFiles/SDK_Keyboard.dir/Src/main.c.obj
                                 0x47 (size before relaxing)
 .comment       0x00000046        0x0 CMakeFiles/SDK_Keyboard.dir/Src/gpio.c.obj
                                 0x47 (size before relaxing)
 .comment       0x00000046        0x0 CMakeFiles/SDK_Keyboard.dir/Src/i2c.c.obj
                                 0x47 (size before relaxing)
 .comment       0x00000046        0x0 CMakeFiles/SDK_Keyboard.dir/Src/usart.c.obj
                                 0x47 (size before relaxing)
 .comment       0x00000046        0x0 CMakeFiles/SDK_Keyboard.dir/Src/stm32f4xx_it.c.obj
                                 0x47 (size before relaxing)
 .comment       0x00000046        0x0 CMakeFiles/SDK_Keyboard.dir/Src/stm32f4xx_hal_msp.c.obj
                                 0x47 (size before relaxing)
 .comment       0x00000046        0x0 CMakeFiles/SDK_Keyboard.dir/Src/fonts.c.obj
                                 0x47 (size before relaxing)
 .comment       0x00000046        0x0 CMakeFiles/SDK_Keyboard.dir/Src/kb.c.obj
                                 0x47 (size before relaxing)
 .comment       0x00000046        0x0 CMakeFiles/SDK_Keyboard.dir/Src/oled.c.obj
                                 0x47 (size before relaxing)
 .comment       0x00000046        0x0 CMakeFiles/SDK_Keyboard.dir/Src/pca9538.c.obj
                                 0x47 (size before relaxing)
 .comment       0x00000046        0x0 CMakeFiles/SDK_Keyboard.dir/Src/sdk_uart.c.obj
                                 0x47 (size before relaxing)
 .comment       0x00000046        0x0 cmake/stm32cubemx/CMakeFiles/STM32_Drivers.dir/__/__/Src/system_stm32f4xx.c.obj
                                 0x47 (size before relaxing)
 .comment       0x00000046        0x0 cmake/stm32cubemx/CMakeFiles/STM32_Drivers.dir/__/__/Drivers/STM32F4xx_HAL_Driver/Src/stm32f4xx_hal_i2c.c.obj
                                 0x47 (size before relaxing)
 .comment       0x00000046        0x0 cmake/stm32cubemx/CMakeFiles/STM32_Drivers.dir/__/__/Drivers/STM32F4xx_HAL_Driver/Src/stm32f4xx_hal_rcc.c.obj
                                 0x47 (size before relaxing)
 .comment       0x00000046        0x0 cmake/stm32cubemx/CMakeFiles/STM32_Drivers.dir/__/__/Drivers/STM32F4xx_HAL_Driver/Src/stm32f4xx_hal_gpio.c.obj
                                 0x47 (size before relaxing)
 .comment       0x00000046        0x0 cmake/stm32cubemx/CMakeFiles/STM32_Drivers.dir/__/__/Drivers/STM32F4xx_HAL_Driver/Src/stm32f4xx_hal_dma.c.obj
                                 0x47 (size before relaxing)
 .comment       0x00000046        0x0 cmake/stm32cubemx/CMakeFiles/STM32_Drivers.dir/__/__/Drivers/STM32F4xx_HAL_Driver/Src/stm32f4xx_hal_cortex.c.obj
                                 0x47 (size before relaxing)
 .comment       0x00000046        0x0 cmake/stm32cubemx/CMakeFiles/STM32_Drivers.dir/__/__/Drivers/STM32F4xx_HAL_Driver/Src/stm32f4xx_hal.c.obj
                                 0x47 (size before relaxing)
 .comment       0x00000046        0x0 cmake/stm32cubemx/CMakeFiles/STM32_Drivers.dir/__/__/Drivers/STM32F4xx_HAL_Driver/Src/stm32f4xx_hal_uart.c.obj
                                 0x47 (size before relaxing)

.debug_frame    0x00000000     0x29a8
 .debug_frame   0x00000000       0xd4 CMakeFiles/SDK_Keyboard.dir/Src/main.c.obj
 .debug_frame   0x000000d4       0x38 CMakeFiles/SDK_Keyboard.dir/Src/gpio.c.obj
 .debug_frame   0x0000010c       0x74 CMakeFiles/SDK_Keyboard.dir/Src/i2c.c.obj
 .debug_frame   0x00000180       0x74 CMakeFiles/SDK_Keyboard.dir/Src/usart.c.obj
 .debug_frame   0x000001f4      0x10c CMakeFiles/SDK_Keyboard.dir/Src/stm32f4xx_it.c.obj
 .debug_frame   0x00000300       0x38 CMakeFiles/SDK_Keyboard.dir/Src/stm32f4xx_hal_msp.c.obj
 .debug_frame   0x00000338       0x58 CMakeFiles/SDK_Keyboard.dir/Src/kb.c.obj
 .debug_frame   0x00000390      0x1b0 CMakeFiles/SDK_Keyboard.dir/Src/oled.c.obj
 .debug_frame   0x00000540       0xc4 CMakeFiles/SDK_Keyboard.dir/Src/pca9538.c.obj
 .debug_frame   0x00000604       0x58 CMakeFiles/SDK_Keyboard.dir/Src/sdk_uart.c.obj
 .debug_frame   0x0000065c       0x58 cmake/stm32cubemx/CMakeFiles/STM32_Drivers.dir/__/__/Src/system_stm32f4xx.c.obj
 .debug_frame   0x000006b4      0xc38 cmake/stm32cubemx/CMakeFiles/STM32_Drivers.dir/__/__/Drivers/STM32F4xx_HAL_Driver/Src/stm32f4xx_hal_i2c.c.obj
 .debug_frame   0x000012ec      0x1f4 cmake/stm32cubemx/CMakeFiles/STM32_Drivers.dir/__/__/Drivers/STM32F4xx_HAL_Driver/Src/stm32f4xx_hal_rcc.c.obj
 .debug_frame   0x000014e0      0x14c cmake/stm32cubemx/CMakeFiles/STM32_Drivers.dir/__/__/Drivers/STM32F4xx_HAL_Driver/Src/stm32f4xx_hal_gpio.c.obj
 .debug_frame   0x0000162c      0x250 cmake/stm32cubemx/CMakeFiles/STM32_Drivers.dir/__/__/Drivers/STM32F4xx_HAL_Driver/Src/stm32f4xx_hal_dma.c.obj
 .debug_frame   0x0000187c      0x498 cmake/stm32cubemx/CMakeFiles/STM32_Drivers.dir/__/__/Drivers/STM32F4xx_HAL_Driver/Src/stm32f4xx_hal_cortex.c.obj
 .debug_frame   0x00001d14      0x374 cmake/stm32cubemx/CMakeFiles/STM32_Drivers.dir/__/__/Drivers/STM32F4xx_HAL_Driver/Src/stm32f4xx_hal.c.obj
 .debug_frame   0x00002088      0x844 cmake/stm32cubemx/CMakeFiles/STM32_Drivers.dir/__/__/Drivers/STM32F4xx_HAL_Driver/Src/stm32f4xx_hal_uart.c.obj
 .debug_frame   0x000028cc       0x2c /Applications/ArmGNUToolchain/15.3.rel1/arm-none-eabi/bin/../lib/gcc/arm-none-eabi/15.3.1/thumb/v7e-m+fp/hard/libgcc.a(_aeabi_uldivmod.o)
 .debug_frame   0x000028f8       0x44 /Applications/ArmGNUToolchain/15.3.rel1/arm-none-eabi/bin/../lib/gcc/arm-none-eabi/15.3.1/thumb/v7e-m+fp/hard/libgcc.a(_udivmoddi4.o)
 .debug_frame   0x0000293c       0x20 /Applications/ArmGNUToolchain/15.3.rel1/arm-none-eabi/bin/../lib/gcc/arm-none-eabi/15.3.1/../../../../arm-none-eabi/lib/thumb/v7e-m+fp/hard/libg_nano.a(libc_a-memset.o)
 .debug_frame   0x0000295c       0x2c /Applications/ArmGNUToolchain/15.3.rel1/arm-none-eabi/bin/../lib/gcc/arm-none-eabi/15.3.1/../../../../arm-none-eabi/lib/thumb/v7e-m+fp/hard/libg_nano.a(libc_a-init.o)
 .debug_frame   0x00002988       0x20 /Applications/ArmGNUToolchain/15.3.rel1/arm-none-eabi/bin/../lib/gcc/arm-none-eabi/15.3.1/../../../../arm-none-eabi/lib/thumb/v7e-m+fp/hard/libg_nano.a(libc_a-strlen.o)

.debug_line_str
                0x00000000      0x2b0
 .debug_line_str
                0x00000000      0x2b0 CMakeFiles/SDK_Keyboard.dir/startup_stm32f407xx.s.obj
                                 0xae (size before relaxing)
 .debug_line_str
                0x000002b0        0x0 /Applications/ArmGNUToolchain/15.3.rel1/arm-none-eabi/bin/../lib/gcc/arm-none-eabi/15.3.1/thumb/v7e-m+fp/hard/libgcc.a(_aeabi_uldivmod.o)
                                 0xea (size before relaxing)
 .debug_line_str
                0x000002b0        0x0 /Applications/ArmGNUToolchain/15.3.rel1/arm-none-eabi/bin/../lib/gcc/arm-none-eabi/15.3.1/thumb/v7e-m+fp/hard/libgcc.a(_dvmd_tls.o)
                                 0xee (size before relaxing)
 .debug_line_str
                0x000002b0        0x0 /Applications/ArmGNUToolchain/15.3.rel1/arm-none-eabi/bin/../lib/gcc/arm-none-eabi/15.3.1/../../../../arm-none-eabi/lib/thumb/v7e-m+fp/hard/libg_nano.a(libc_a-strlen.o)
                                0x10c (size before relaxing)

.debug_rnglists
                0x00000000       0x3b
 .debug_rnglists
                0x00000000       0x19 CMakeFiles/SDK_Keyboard.dir/startup_stm32f407xx.s.obj
 .debug_rnglists
                0x00000019       0x22 cmake/stm32cubemx/CMakeFiles/STM32_Drivers.dir/__/__/Drivers/STM32F4xx_HAL_Driver/Src/stm32f4xx_hal_i2c.c.obj

Cross Reference Table

Symbol                                            File
ADC_IRQHandler                                    CMakeFiles/SDK_Keyboard.dir/startup_stm32f407xx.s.obj
AHBPrescTable                                     cmake/stm32cubemx/CMakeFiles/STM32_Drivers.dir/__/__/Src/system_stm32f4xx.c.obj
                                                  cmake/stm32cubemx/CMakeFiles/STM32_Drivers.dir/__/__/Drivers/STM32F4xx_HAL_Driver/Src/stm32f4xx_hal_rcc.c.obj
APBPrescTable                                     cmake/stm32cubemx/CMakeFiles/STM32_Drivers.dir/__/__/Src/system_stm32f4xx.c.obj
                                                  cmake/stm32cubemx/CMakeFiles/STM32_Drivers.dir/__/__/Drivers/STM32F4xx_HAL_Driver/Src/stm32f4xx_hal_rcc.c.obj
BusFault_Handler                                  CMakeFiles/SDK_Keyboard.dir/Src/stm32f4xx_it.c.obj
CAN1_RX0_IRQHandler                               CMakeFiles/SDK_Keyboard.dir/startup_stm32f407xx.s.obj
CAN1_RX1_IRQHandler                               CMakeFiles/SDK_Keyboard.dir/startup_stm32f407xx.s.obj
CAN1_SCE_IRQHandler                               CMakeFiles/SDK_Keyboard.dir/startup_stm32f407xx.s.obj
CAN1_TX_IRQHandler                                CMakeFiles/SDK_Keyboard.dir/startup_stm32f407xx.s.obj
CAN2_RX0_IRQHandler                               CMakeFiles/SDK_Keyboard.dir/startup_stm32f407xx.s.obj
CAN2_RX1_IRQHandler                               CMakeFiles/SDK_Keyboard.dir/startup_stm32f407xx.s.obj
CAN2_SCE_IRQHandler                               CMakeFiles/SDK_Keyboard.dir/startup_stm32f407xx.s.obj
CAN2_TX_IRQHandler                                CMakeFiles/SDK_Keyboard.dir/startup_stm32f407xx.s.obj
Check_Row                                         CMakeFiles/SDK_Keyboard.dir/Src/kb.c.obj
                                                  CMakeFiles/SDK_Keyboard.dir/Src/main.c.obj
DCMI_IRQHandler                                   CMakeFiles/SDK_Keyboard.dir/startup_stm32f407xx.s.obj
DMA1_Stream0_IRQHandler                           CMakeFiles/SDK_Keyboard.dir/startup_stm32f407xx.s.obj
DMA1_Stream1_IRQHandler                           CMakeFiles/SDK_Keyboard.dir/startup_stm32f407xx.s.obj
DMA1_Stream2_IRQHandler                           CMakeFiles/SDK_Keyboard.dir/startup_stm32f407xx.s.obj
DMA1_Stream3_IRQHandler                           CMakeFiles/SDK_Keyboard.dir/startup_stm32f407xx.s.obj
DMA1_Stream4_IRQHandler                           CMakeFiles/SDK_Keyboard.dir/startup_stm32f407xx.s.obj
DMA1_Stream5_IRQHandler                           CMakeFiles/SDK_Keyboard.dir/startup_stm32f407xx.s.obj
DMA1_Stream6_IRQHandler                           CMakeFiles/SDK_Keyboard.dir/startup_stm32f407xx.s.obj
DMA1_Stream7_IRQHandler                           CMakeFiles/SDK_Keyboard.dir/startup_stm32f407xx.s.obj
DMA2_Stream0_IRQHandler                           CMakeFiles/SDK_Keyboard.dir/startup_stm32f407xx.s.obj
DMA2_Stream1_IRQHandler                           CMakeFiles/SDK_Keyboard.dir/startup_stm32f407xx.s.obj
DMA2_Stream2_IRQHandler                           CMakeFiles/SDK_Keyboard.dir/startup_stm32f407xx.s.obj
DMA2_Stream3_IRQHandler                           CMakeFiles/SDK_Keyboard.dir/startup_stm32f407xx.s.obj
DMA2_Stream4_IRQHandler                           CMakeFiles/SDK_Keyboard.dir/startup_stm32f407xx.s.obj
DMA2_Stream5_IRQHandler                           CMakeFiles/SDK_Keyboard.dir/startup_stm32f407xx.s.obj
DMA2_Stream6_IRQHandler                           CMakeFiles/SDK_Keyboard.dir/startup_stm32f407xx.s.obj
DMA2_Stream7_IRQHandler                           CMakeFiles/SDK_Keyboard.dir/startup_stm32f407xx.s.obj
DebugMon_Handler                                  CMakeFiles/SDK_Keyboard.dir/Src/stm32f4xx_it.c.obj
Default_Handler                                   CMakeFiles/SDK_Keyboard.dir/startup_stm32f407xx.s.obj
ETH_IRQHandler                                    CMakeFiles/SDK_Keyboard.dir/startup_stm32f407xx.s.obj
ETH_WKUP_IRQHandler                               CMakeFiles/SDK_Keyboard.dir/startup_stm32f407xx.s.obj
EXTI0_IRQHandler                                  CMakeFiles/SDK_Keyboard.dir/startup_stm32f407xx.s.obj
EXTI15_10_IRQHandler                              CMakeFiles/SDK_Keyboard.dir/startup_stm32f407xx.s.obj
EXTI1_IRQHandler                                  CMakeFiles/SDK_Keyboard.dir/startup_stm32f407xx.s.obj
EXTI2_IRQHandler                                  CMakeFiles/SDK_Keyboard.dir/startup_stm32f407xx.s.obj
EXTI3_IRQHandler                                  CMakeFiles/SDK_Keyboard.dir/startup_stm32f407xx.s.obj
EXTI4_IRQHandler                                  CMakeFiles/SDK_Keyboard.dir/startup_stm32f407xx.s.obj
EXTI9_5_IRQHandler                                CMakeFiles/SDK_Keyboard.dir/startup_stm32f407xx.s.obj
Error_Handler                                     CMakeFiles/SDK_Keyboard.dir/Src/main.c.obj
                                                  CMakeFiles/SDK_Keyboard.dir/Src/usart.c.obj
                                                  CMakeFiles/SDK_Keyboard.dir/Src/i2c.c.obj
FLASH_Erase_Sector                                cmake/stm32cubemx/CMakeFiles/STM32_Drivers.dir/__/__/Drivers/STM32F4xx_HAL_Driver/Src/stm32f4xx_hal_flash_ex.c.obj
                                                  cmake/stm32cubemx/CMakeFiles/STM32_Drivers.dir/__/__/Drivers/STM32F4xx_HAL_Driver/Src/stm32f4xx_hal_flash.c.obj
FLASH_FlushCaches                                 cmake/stm32cubemx/CMakeFiles/STM32_Drivers.dir/__/__/Drivers/STM32F4xx_HAL_Driver/Src/stm32f4xx_hal_flash_ex.c.obj
                                                  cmake/stm32cubemx/CMakeFiles/STM32_Drivers.dir/__/__/Drivers/STM32F4xx_HAL_Driver/Src/stm32f4xx_hal_flash.c.obj
FLASH_IRQHandler                                  CMakeFiles/SDK_Keyboard.dir/startup_stm32f407xx.s.obj
FLASH_WaitForLastOperation                        cmake/stm32cubemx/CMakeFiles/STM32_Drivers.dir/__/__/Drivers/STM32F4xx_HAL_Driver/Src/stm32f4xx_hal_flash.c.obj
                                                  cmake/stm32cubemx/CMakeFiles/STM32_Drivers.dir/__/__/Drivers/STM32F4xx_HAL_Driver/Src/stm32f4xx_hal_flash_ex.c.obj
FPU_IRQHandler                                    CMakeFiles/SDK_Keyboard.dir/startup_stm32f407xx.s.obj
FSMC_IRQHandler                                   CMakeFiles/SDK_Keyboard.dir/startup_stm32f407xx.s.obj
Font_11x18                                        CMakeFiles/SDK_Keyboard.dir/Src/fonts.c.obj
Font_16x26                                        CMakeFiles/SDK_Keyboard.dir/Src/fonts.c.obj
Font_7x10                                         CMakeFiles/SDK_Keyboard.dir/Src/fonts.c.obj
                                                  CMakeFiles/SDK_Keyboard.dir/Src/main.c.obj
HAL_DBGMCU_DisableDBGSleepMode                    cmake/stm32cubemx/CMakeFiles/STM32_Drivers.dir/__/__/Drivers/STM32F4xx_HAL_Driver/Src/stm32f4xx_hal.c.obj
HAL_DBGMCU_DisableDBGStandbyMode                  cmake/stm32cubemx/CMakeFiles/STM32_Drivers.dir/__/__/Drivers/STM32F4xx_HAL_Driver/Src/stm32f4xx_hal.c.obj
HAL_DBGMCU_DisableDBGStopMode                     cmake/stm32cubemx/CMakeFiles/STM32_Drivers.dir/__/__/Drivers/STM32F4xx_HAL_Driver/Src/stm32f4xx_hal.c.obj
HAL_DBGMCU_EnableDBGSleepMode                     cmake/stm32cubemx/CMakeFiles/STM32_Drivers.dir/__/__/Drivers/STM32F4xx_HAL_Driver/Src/stm32f4xx_hal.c.obj
HAL_DBGMCU_EnableDBGStandbyMode                   cmake/stm32cubemx/CMakeFiles/STM32_Drivers.dir/__/__/Drivers/STM32F4xx_HAL_Driver/Src/stm32f4xx_hal.c.obj
HAL_DBGMCU_EnableDBGStopMode                      cmake/stm32cubemx/CMakeFiles/STM32_Drivers.dir/__/__/Drivers/STM32F4xx_HAL_Driver/Src/stm32f4xx_hal.c.obj
HAL_DMAEx_ChangeMemory                            cmake/stm32cubemx/CMakeFiles/STM32_Drivers.dir/__/__/Drivers/STM32F4xx_HAL_Driver/Src/stm32f4xx_hal_dma_ex.c.obj
HAL_DMAEx_MultiBufferStart                        cmake/stm32cubemx/CMakeFiles/STM32_Drivers.dir/__/__/Drivers/STM32F4xx_HAL_Driver/Src/stm32f4xx_hal_dma_ex.c.obj
HAL_DMAEx_MultiBufferStart_IT                     cmake/stm32cubemx/CMakeFiles/STM32_Drivers.dir/__/__/Drivers/STM32F4xx_HAL_Driver/Src/stm32f4xx_hal_dma_ex.c.obj
HAL_DMA_Abort                                     cmake/stm32cubemx/CMakeFiles/STM32_Drivers.dir/__/__/Drivers/STM32F4xx_HAL_Driver/Src/stm32f4xx_hal_dma.c.obj
                                                  cmake/stm32cubemx/CMakeFiles/STM32_Drivers.dir/__/__/Drivers/STM32F4xx_HAL_Driver/Src/stm32f4xx_hal_uart.c.obj
HAL_DMA_Abort_IT                                  cmake/stm32cubemx/CMakeFiles/STM32_Drivers.dir/__/__/Drivers/STM32F4xx_HAL_Driver/Src/stm32f4xx_hal_dma.c.obj
                                                  cmake/stm32cubemx/CMakeFiles/STM32_Drivers.dir/__/__/Drivers/STM32F4xx_HAL_Driver/Src/stm32f4xx_hal_uart.c.obj
                                                  cmake/stm32cubemx/CMakeFiles/STM32_Drivers.dir/__/__/Drivers/STM32F4xx_HAL_Driver/Src/stm32f4xx_hal_i2c.c.obj
HAL_DMA_DeInit                                    cmake/stm32cubemx/CMakeFiles/STM32_Drivers.dir/__/__/Drivers/STM32F4xx_HAL_Driver/Src/stm32f4xx_hal_dma.c.obj
HAL_DMA_GetError                                  cmake/stm32cubemx/CMakeFiles/STM32_Drivers.dir/__/__/Drivers/STM32F4xx_HAL_Driver/Src/stm32f4xx_hal_dma.c.obj
                                                  cmake/stm32cubemx/CMakeFiles/STM32_Drivers.dir/__/__/Drivers/STM32F4xx_HAL_Driver/Src/stm32f4xx_hal_uart.c.obj
                                                  cmake/stm32cubemx/CMakeFiles/STM32_Drivers.dir/__/__/Drivers/STM32F4xx_HAL_Driver/Src/stm32f4xx_hal_i2c.c.obj
HAL_DMA_GetState                                  cmake/stm32cubemx/CMakeFiles/STM32_Drivers.dir/__/__/Drivers/STM32F4xx_HAL_Driver/Src/stm32f4xx_hal_dma.c.obj
                                                  cmake/stm32cubemx/CMakeFiles/STM32_Drivers.dir/__/__/Drivers/STM32F4xx_HAL_Driver/Src/stm32f4xx_hal_i2c.c.obj
HAL_DMA_IRQHandler                                cmake/stm32cubemx/CMakeFiles/STM32_Drivers.dir/__/__/Drivers/STM32F4xx_HAL_Driver/Src/stm32f4xx_hal_dma.c.obj
HAL_DMA_Init                                      cmake/stm32cubemx/CMakeFiles/STM32_Drivers.dir/__/__/Drivers/STM32F4xx_HAL_Driver/Src/stm32f4xx_hal_dma.c.obj
HAL_DMA_PollForTransfer                           cmake/stm32cubemx/CMakeFiles/STM32_Drivers.dir/__/__/Drivers/STM32F4xx_HAL_Driver/Src/stm32f4xx_hal_dma.c.obj
HAL_DMA_RegisterCallback                          cmake/stm32cubemx/CMakeFiles/STM32_Drivers.dir/__/__/Drivers/STM32F4xx_HAL_Driver/Src/stm32f4xx_hal_dma.c.obj
HAL_DMA_Start                                     cmake/stm32cubemx/CMakeFiles/STM32_Drivers.dir/__/__/Drivers/STM32F4xx_HAL_Driver/Src/stm32f4xx_hal_dma.c.obj
HAL_DMA_Start_IT                                  cmake/stm32cubemx/CMakeFiles/STM32_Drivers.dir/__/__/Drivers/STM32F4xx_HAL_Driver/Src/stm32f4xx_hal_dma.c.obj
                                                  cmake/stm32cubemx/CMakeFiles/STM32_Drivers.dir/__/__/Drivers/STM32F4xx_HAL_Driver/Src/stm32f4xx_hal_uart.c.obj
                                                  cmake/stm32cubemx/CMakeFiles/STM32_Drivers.dir/__/__/Drivers/STM32F4xx_HAL_Driver/Src/stm32f4xx_hal_i2c.c.obj
HAL_DMA_UnRegisterCallback                        cmake/stm32cubemx/CMakeFiles/STM32_Drivers.dir/__/__/Drivers/STM32F4xx_HAL_Driver/Src/stm32f4xx_hal_dma.c.obj
HAL_DeInit                                        cmake/stm32cubemx/CMakeFiles/STM32_Drivers.dir/__/__/Drivers/STM32F4xx_HAL_Driver/Src/stm32f4xx_hal.c.obj
HAL_Delay                                         cmake/stm32cubemx/CMakeFiles/STM32_Drivers.dir/__/__/Drivers/STM32F4xx_HAL_Driver/Src/stm32f4xx_hal.c.obj
                                                  CMakeFiles/SDK_Keyboard.dir/Src/oled.c.obj
                                                  CMakeFiles/SDK_Keyboard.dir/Src/main.c.obj
HAL_DisableCompensationCell                       cmake/stm32cubemx/CMakeFiles/STM32_Drivers.dir/__/__/Drivers/STM32F4xx_HAL_Driver/Src/stm32f4xx_hal.c.obj
HAL_EXTI_ClearConfigLine                          cmake/stm32cubemx/CMakeFiles/STM32_Drivers.dir/__/__/Drivers/STM32F4xx_HAL_Driver/Src/stm32f4xx_hal_exti.c.obj
HAL_EXTI_ClearPending                             cmake/stm32cubemx/CMakeFiles/STM32_Drivers.dir/__/__/Drivers/STM32F4xx_HAL_Driver/Src/stm32f4xx_hal_exti.c.obj
HAL_EXTI_GenerateSWI                              cmake/stm32cubemx/CMakeFiles/STM32_Drivers.dir/__/__/Drivers/STM32F4xx_HAL_Driver/Src/stm32f4xx_hal_exti.c.obj
HAL_EXTI_GetConfigLine                            cmake/stm32cubemx/CMakeFiles/STM32_Drivers.dir/__/__/Drivers/STM32F4xx_HAL_Driver/Src/stm32f4xx_hal_exti.c.obj
HAL_EXTI_GetHandle                                cmake/stm32cubemx/CMakeFiles/STM32_Drivers.dir/__/__/Drivers/STM32F4xx_HAL_Driver/Src/stm32f4xx_hal_exti.c.obj
HAL_EXTI_GetPending                               cmake/stm32cubemx/CMakeFiles/STM32_Drivers.dir/__/__/Drivers/STM32F4xx_HAL_Driver/Src/stm32f4xx_hal_exti.c.obj
HAL_EXTI_IRQHandler                               cmake/stm32cubemx/CMakeFiles/STM32_Drivers.dir/__/__/Drivers/STM32F4xx_HAL_Driver/Src/stm32f4xx_hal_exti.c.obj
HAL_EXTI_RegisterCallback                         cmake/stm32cubemx/CMakeFiles/STM32_Drivers.dir/__/__/Drivers/STM32F4xx_HAL_Driver/Src/stm32f4xx_hal_exti.c.obj
HAL_EXTI_SetConfigLine                            cmake/stm32cubemx/CMakeFiles/STM32_Drivers.dir/__/__/Drivers/STM32F4xx_HAL_Driver/Src/stm32f4xx_hal_exti.c.obj
HAL_EnableCompensationCell                        cmake/stm32cubemx/CMakeFiles/STM32_Drivers.dir/__/__/Drivers/STM32F4xx_HAL_Driver/Src/stm32f4xx_hal.c.obj
HAL_FLASHEx_Erase                                 cmake/stm32cubemx/CMakeFiles/STM32_Drivers.dir/__/__/Drivers/STM32F4xx_HAL_Driver/Src/stm32f4xx_hal_flash_ex.c.obj
HAL_FLASHEx_Erase_IT                              cmake/stm32cubemx/CMakeFiles/STM32_Drivers.dir/__/__/Drivers/STM32F4xx_HAL_Driver/Src/stm32f4xx_hal_flash_ex.c.obj
HAL_FLASHEx_OBGetConfig                           cmake/stm32cubemx/CMakeFiles/STM32_Drivers.dir/__/__/Drivers/STM32F4xx_HAL_Driver/Src/stm32f4xx_hal_flash_ex.c.obj
HAL_FLASHEx_OBProgram                             cmake/stm32cubemx/CMakeFiles/STM32_Drivers.dir/__/__/Drivers/STM32F4xx_HAL_Driver/Src/stm32f4xx_hal_flash_ex.c.obj
HAL_FLASH_EndOfOperationCallback                  cmake/stm32cubemx/CMakeFiles/STM32_Drivers.dir/__/__/Drivers/STM32F4xx_HAL_Driver/Src/stm32f4xx_hal_flash.c.obj
HAL_FLASH_GetError                                cmake/stm32cubemx/CMakeFiles/STM32_Drivers.dir/__/__/Drivers/STM32F4xx_HAL_Driver/Src/stm32f4xx_hal_flash.c.obj
HAL_FLASH_IRQHandler                              cmake/stm32cubemx/CMakeFiles/STM32_Drivers.dir/__/__/Drivers/STM32F4xx_HAL_Driver/Src/stm32f4xx_hal_flash.c.obj
HAL_FLASH_Lock                                    cmake/stm32cubemx/CMakeFiles/STM32_Drivers.dir/__/__/Drivers/STM32F4xx_HAL_Driver/Src/stm32f4xx_hal_flash.c.obj
HAL_FLASH_OB_Launch                               cmake/stm32cubemx/CMakeFiles/STM32_Drivers.dir/__/__/Drivers/STM32F4xx_HAL_Driver/Src/stm32f4xx_hal_flash.c.obj
HAL_FLASH_OB_Lock                                 cmake/stm32cubemx/CMakeFiles/STM32_Drivers.dir/__/__/Drivers/STM32F4xx_HAL_Driver/Src/stm32f4xx_hal_flash.c.obj
HAL_FLASH_OB_Unlock                               cmake/stm32cubemx/CMakeFiles/STM32_Drivers.dir/__/__/Drivers/STM32F4xx_HAL_Driver/Src/stm32f4xx_hal_flash.c.obj
HAL_FLASH_OperationErrorCallback                  cmake/stm32cubemx/CMakeFiles/STM32_Drivers.dir/__/__/Drivers/STM32F4xx_HAL_Driver/Src/stm32f4xx_hal_flash.c.obj
HAL_FLASH_Program                                 cmake/stm32cubemx/CMakeFiles/STM32_Drivers.dir/__/__/Drivers/STM32F4xx_HAL_Driver/Src/stm32f4xx_hal_flash.c.obj
HAL_FLASH_Program_IT                              cmake/stm32cubemx/CMakeFiles/STM32_Drivers.dir/__/__/Drivers/STM32F4xx_HAL_Driver/Src/stm32f4xx_hal_flash.c.obj
HAL_FLASH_Unlock                                  cmake/stm32cubemx/CMakeFiles/STM32_Drivers.dir/__/__/Drivers/STM32F4xx_HAL_Driver/Src/stm32f4xx_hal_flash.c.obj
HAL_GPIO_DeInit                                   cmake/stm32cubemx/CMakeFiles/STM32_Drivers.dir/__/__/Drivers/STM32F4xx_HAL_Driver/Src/stm32f4xx_hal_gpio.c.obj
                                                  CMakeFiles/SDK_Keyboard.dir/Src/usart.c.obj
                                                  CMakeFiles/SDK_Keyboard.dir/Src/i2c.c.obj
HAL_GPIO_EXTI_Callback                            cmake/stm32cubemx/CMakeFiles/STM32_Drivers.dir/__/__/Drivers/STM32F4xx_HAL_Driver/Src/stm32f4xx_hal_gpio.c.obj
HAL_GPIO_EXTI_IRQHandler                          cmake/stm32cubemx/CMakeFiles/STM32_Drivers.dir/__/__/Drivers/STM32F4xx_HAL_Driver/Src/stm32f4xx_hal_gpio.c.obj
HAL_GPIO_Init                                     cmake/stm32cubemx/CMakeFiles/STM32_Drivers.dir/__/__/Drivers/STM32F4xx_HAL_Driver/Src/stm32f4xx_hal_gpio.c.obj
                                                  cmake/stm32cubemx/CMakeFiles/STM32_Drivers.dir/__/__/Drivers/STM32F4xx_HAL_Driver/Src/stm32f4xx_hal_rcc.c.obj
                                                  CMakeFiles/SDK_Keyboard.dir/Src/usart.c.obj
                                                  CMakeFiles/SDK_Keyboard.dir/Src/i2c.c.obj
HAL_GPIO_LockPin                                  cmake/stm32cubemx/CMakeFiles/STM32_Drivers.dir/__/__/Drivers/STM32F4xx_HAL_Driver/Src/stm32f4xx_hal_gpio.c.obj
HAL_GPIO_ReadPin                                  cmake/stm32cubemx/CMakeFiles/STM32_Drivers.dir/__/__/Drivers/STM32F4xx_HAL_Driver/Src/stm32f4xx_hal_gpio.c.obj
HAL_GPIO_TogglePin                                cmake/stm32cubemx/CMakeFiles/STM32_Drivers.dir/__/__/Drivers/STM32F4xx_HAL_Driver/Src/stm32f4xx_hal_gpio.c.obj
HAL_GPIO_WritePin                                 cmake/stm32cubemx/CMakeFiles/STM32_Drivers.dir/__/__/Drivers/STM32F4xx_HAL_Driver/Src/stm32f4xx_hal_gpio.c.obj
HAL_GetDEVID                                      cmake/stm32cubemx/CMakeFiles/STM32_Drivers.dir/__/__/Drivers/STM32F4xx_HAL_Driver/Src/stm32f4xx_hal.c.obj
HAL_GetHalVersion                                 cmake/stm32cubemx/CMakeFiles/STM32_Drivers.dir/__/__/Drivers/STM32F4xx_HAL_Driver/Src/stm32f4xx_hal.c.obj
HAL_GetREVID                                      cmake/stm32cubemx/CMakeFiles/STM32_Drivers.dir/__/__/Drivers/STM32F4xx_HAL_Driver/Src/stm32f4xx_hal.c.obj
HAL_GetTick                                       cmake/stm32cubemx/CMakeFiles/STM32_Drivers.dir/__/__/Drivers/STM32F4xx_HAL_Driver/Src/stm32f4xx_hal.c.obj
                                                  cmake/stm32cubemx/CMakeFiles/STM32_Drivers.dir/__/__/Drivers/STM32F4xx_HAL_Driver/Src/stm32f4xx_hal_uart.c.obj
                                                  cmake/stm32cubemx/CMakeFiles/STM32_Drivers.dir/__/__/Drivers/STM32F4xx_HAL_Driver/Src/stm32f4xx_hal_pwr_ex.c.obj
                                                  cmake/stm32cubemx/CMakeFiles/STM32_Drivers.dir/__/__/Drivers/STM32F4xx_HAL_Driver/Src/stm32f4xx_hal_dma.c.obj
                                                  cmake/stm32cubemx/CMakeFiles/STM32_Drivers.dir/__/__/Drivers/STM32F4xx_HAL_Driver/Src/stm32f4xx_hal_flash.c.obj
                                                  cmake/stm32cubemx/CMakeFiles/STM32_Drivers.dir/__/__/Drivers/STM32F4xx_HAL_Driver/Src/stm32f4xx_hal_rcc_ex.c.obj
                                                  cmake/stm32cubemx/CMakeFiles/STM32_Drivers.dir/__/__/Drivers/STM32F4xx_HAL_Driver/Src/stm32f4xx_hal_rcc.c.obj
                                                  cmake/stm32cubemx/CMakeFiles/STM32_Drivers.dir/__/__/Drivers/STM32F4xx_HAL_Driver/Src/stm32f4xx_hal_i2c.c.obj
HAL_GetTickFreq                                   cmake/stm32cubemx/CMakeFiles/STM32_Drivers.dir/__/__/Drivers/STM32F4xx_HAL_Driver/Src/stm32f4xx_hal.c.obj
HAL_GetTickPrio                                   cmake/stm32cubemx/CMakeFiles/STM32_Drivers.dir/__/__/Drivers/STM32F4xx_HAL_Driver/Src/stm32f4xx_hal.c.obj
HAL_GetUIDw0                                      cmake/stm32cubemx/CMakeFiles/STM32_Drivers.dir/__/__/Drivers/STM32F4xx_HAL_Driver/Src/stm32f4xx_hal.c.obj
HAL_GetUIDw1                                      cmake/stm32cubemx/CMakeFiles/STM32_Drivers.dir/__/__/Drivers/STM32F4xx_HAL_Driver/Src/stm32f4xx_hal.c.obj
HAL_GetUIDw2                                      cmake/stm32cubemx/CMakeFiles/STM32_Drivers.dir/__/__/Drivers/STM32F4xx_HAL_Driver/Src/stm32f4xx_hal.c.obj
HAL_HalfDuplex_EnableReceiver                     cmake/stm32cubemx/CMakeFiles/STM32_Drivers.dir/__/__/Drivers/STM32F4xx_HAL_Driver/Src/stm32f4xx_hal_uart.c.obj
HAL_HalfDuplex_EnableTransmitter                  cmake/stm32cubemx/CMakeFiles/STM32_Drivers.dir/__/__/Drivers/STM32F4xx_HAL_Driver/Src/stm32f4xx_hal_uart.c.obj
HAL_HalfDuplex_Init                               cmake/stm32cubemx/CMakeFiles/STM32_Drivers.dir/__/__/Drivers/STM32F4xx_HAL_Driver/Src/stm32f4xx_hal_uart.c.obj
HAL_I2C_AbortCpltCallback                         cmake/stm32cubemx/CMakeFiles/STM32_Drivers.dir/__/__/Drivers/STM32F4xx_HAL_Driver/Src/stm32f4xx_hal_i2c.c.obj
HAL_I2C_AddrCallback                              cmake/stm32cubemx/CMakeFiles/STM32_Drivers.dir/__/__/Drivers/STM32F4xx_HAL_Driver/Src/stm32f4xx_hal_i2c.c.obj
HAL_I2C_DeInit                                    cmake/stm32cubemx/CMakeFiles/STM32_Drivers.dir/__/__/Drivers/STM32F4xx_HAL_Driver/Src/stm32f4xx_hal_i2c.c.obj
HAL_I2C_DisableListen_IT                          cmake/stm32cubemx/CMakeFiles/STM32_Drivers.dir/__/__/Drivers/STM32F4xx_HAL_Driver/Src/stm32f4xx_hal_i2c.c.obj
HAL_I2C_ER_IRQHandler                             cmake/stm32cubemx/CMakeFiles/STM32_Drivers.dir/__/__/Drivers/STM32F4xx_HAL_Driver/Src/stm32f4xx_hal_i2c.c.obj
HAL_I2C_EV_IRQHandler                             cmake/stm32cubemx/CMakeFiles/STM32_Drivers.dir/__/__/Drivers/STM32F4xx_HAL_Driver/Src/stm32f4xx_hal_i2c.c.obj
HAL_I2C_EnableListen_IT                           cmake/stm32cubemx/CMakeFiles/STM32_Drivers.dir/__/__/Drivers/STM32F4xx_HAL_Driver/Src/stm32f4xx_hal_i2c.c.obj
HAL_I2C_ErrorCallback                             cmake/stm32cubemx/CMakeFiles/STM32_Drivers.dir/__/__/Drivers/STM32F4xx_HAL_Driver/Src/stm32f4xx_hal_i2c.c.obj
HAL_I2C_GetError                                  cmake/stm32cubemx/CMakeFiles/STM32_Drivers.dir/__/__/Drivers/STM32F4xx_HAL_Driver/Src/stm32f4xx_hal_i2c.c.obj
HAL_I2C_GetMode                                   cmake/stm32cubemx/CMakeFiles/STM32_Drivers.dir/__/__/Drivers/STM32F4xx_HAL_Driver/Src/stm32f4xx_hal_i2c.c.obj
HAL_I2C_GetState                                  cmake/stm32cubemx/CMakeFiles/STM32_Drivers.dir/__/__/Drivers/STM32F4xx_HAL_Driver/Src/stm32f4xx_hal_i2c.c.obj
HAL_I2C_Init                                      cmake/stm32cubemx/CMakeFiles/STM32_Drivers.dir/__/__/Drivers/STM32F4xx_HAL_Driver/Src/stm32f4xx_hal_i2c.c.obj
                                                  CMakeFiles/SDK_Keyboard.dir/Src/i2c.c.obj
HAL_I2C_IsDeviceReady                             cmake/stm32cubemx/CMakeFiles/STM32_Drivers.dir/__/__/Drivers/STM32F4xx_HAL_Driver/Src/stm32f4xx_hal_i2c.c.obj
HAL_I2C_ListenCpltCallback                        cmake/stm32cubemx/CMakeFiles/STM32_Drivers.dir/__/__/Drivers/STM32F4xx_HAL_Driver/Src/stm32f4xx_hal_i2c.c.obj
HAL_I2C_MasterRxCpltCallback                      cmake/stm32cubemx/CMakeFiles/STM32_Drivers.dir/__/__/Drivers/STM32F4xx_HAL_Driver/Src/stm32f4xx_hal_i2c.c.obj
HAL_I2C_MasterTxCpltCallback                      cmake/stm32cubemx/CMakeFiles/STM32_Drivers.dir/__/__/Drivers/STM32F4xx_HAL_Driver/Src/stm32f4xx_hal_i2c.c.obj
HAL_I2C_Master_Abort_IT                           cmake/stm32cubemx/CMakeFiles/STM32_Drivers.dir/__/__/Drivers/STM32F4xx_HAL_Driver/Src/stm32f4xx_hal_i2c.c.obj
HAL_I2C_Master_Receive                            cmake/stm32cubemx/CMakeFiles/STM32_Drivers.dir/__/__/Drivers/STM32F4xx_HAL_Driver/Src/stm32f4xx_hal_i2c.c.obj
HAL_I2C_Master_Receive_DMA                        cmake/stm32cubemx/CMakeFiles/STM32_Drivers.dir/__/__/Drivers/STM32F4xx_HAL_Driver/Src/stm32f4xx_hal_i2c.c.obj
HAL_I2C_Master_Receive_IT                         cmake/stm32cubemx/CMakeFiles/STM32_Drivers.dir/__/__/Drivers/STM32F4xx_HAL_Driver/Src/stm32f4xx_hal_i2c.c.obj
HAL_I2C_Master_Seq_Receive_DMA                    cmake/stm32cubemx/CMakeFiles/STM32_Drivers.dir/__/__/Drivers/STM32F4xx_HAL_Driver/Src/stm32f4xx_hal_i2c.c.obj
HAL_I2C_Master_Seq_Receive_IT                     cmake/stm32cubemx/CMakeFiles/STM32_Drivers.dir/__/__/Drivers/STM32F4xx_HAL_Driver/Src/stm32f4xx_hal_i2c.c.obj
HAL_I2C_Master_Seq_Transmit_DMA                   cmake/stm32cubemx/CMakeFiles/STM32_Drivers.dir/__/__/Drivers/STM32F4xx_HAL_Driver/Src/stm32f4xx_hal_i2c.c.obj
HAL_I2C_Master_Seq_Transmit_IT                    cmake/stm32cubemx/CMakeFiles/STM32_Drivers.dir/__/__/Drivers/STM32F4xx_HAL_Driver/Src/stm32f4xx_hal_i2c.c.obj
HAL_I2C_Master_Transmit                           cmake/stm32cubemx/CMakeFiles/STM32_Drivers.dir/__/__/Drivers/STM32F4xx_HAL_Driver/Src/stm32f4xx_hal_i2c.c.obj
HAL_I2C_Master_Transmit_DMA                       cmake/stm32cubemx/CMakeFiles/STM32_Drivers.dir/__/__/Drivers/STM32F4xx_HAL_Driver/Src/stm32f4xx_hal_i2c.c.obj
HAL_I2C_Master_Transmit_IT                        cmake/stm32cubemx/CMakeFiles/STM32_Drivers.dir/__/__/Drivers/STM32F4xx_HAL_Driver/Src/stm32f4xx_hal_i2c.c.obj
HAL_I2C_MemRxCpltCallback                         cmake/stm32cubemx/CMakeFiles/STM32_Drivers.dir/__/__/Drivers/STM32F4xx_HAL_Driver/Src/stm32f4xx_hal_i2c.c.obj
HAL_I2C_MemTxCpltCallback                         cmake/stm32cubemx/CMakeFiles/STM32_Drivers.dir/__/__/Drivers/STM32F4xx_HAL_Driver/Src/stm32f4xx_hal_i2c.c.obj
HAL_I2C_Mem_Read                                  cmake/stm32cubemx/CMakeFiles/STM32_Drivers.dir/__/__/Drivers/STM32F4xx_HAL_Driver/Src/stm32f4xx_hal_i2c.c.obj
                                                  CMakeFiles/SDK_Keyboard.dir/Src/pca9538.c.obj
HAL_I2C_Mem_Read_DMA                              cmake/stm32cubemx/CMakeFiles/STM32_Drivers.dir/__/__/Drivers/STM32F4xx_HAL_Driver/Src/stm32f4xx_hal_i2c.c.obj
HAL_I2C_Mem_Read_IT                               cmake/stm32cubemx/CMakeFiles/STM32_Drivers.dir/__/__/Drivers/STM32F4xx_HAL_Driver/Src/stm32f4xx_hal_i2c.c.obj
HAL_I2C_Mem_Write                                 cmake/stm32cubemx/CMakeFiles/STM32_Drivers.dir/__/__/Drivers/STM32F4xx_HAL_Driver/Src/stm32f4xx_hal_i2c.c.obj
                                                  CMakeFiles/SDK_Keyboard.dir/Src/pca9538.c.obj
                                                  CMakeFiles/SDK_Keyboard.dir/Src/oled.c.obj
HAL_I2C_Mem_Write_DMA                             cmake/stm32cubemx/CMakeFiles/STM32_Drivers.dir/__/__/Drivers/STM32F4xx_HAL_Driver/Src/stm32f4xx_hal_i2c.c.obj
HAL_I2C_Mem_Write_IT                              cmake/stm32cubemx/CMakeFiles/STM32_Drivers.dir/__/__/Drivers/STM32F4xx_HAL_Driver/Src/stm32f4xx_hal_i2c.c.obj
HAL_I2C_MspDeInit                                 CMakeFiles/SDK_Keyboard.dir/Src/i2c.c.obj
HAL_I2C_MspInit                                   CMakeFiles/SDK_Keyboard.dir/Src/i2c.c.obj
HAL_I2C_SlaveRxCpltCallback                       cmake/stm32cubemx/CMakeFiles/STM32_Drivers.dir/__/__/Drivers/STM32F4xx_HAL_Driver/Src/stm32f4xx_hal_i2c.c.obj
HAL_I2C_SlaveTxCpltCallback                       cmake/stm32cubemx/CMakeFiles/STM32_Drivers.dir/__/__/Drivers/STM32F4xx_HAL_Driver/Src/stm32f4xx_hal_i2c.c.obj
HAL_I2C_Slave_Receive                             cmake/stm32cubemx/CMakeFiles/STM32_Drivers.dir/__/__/Drivers/STM32F4xx_HAL_Driver/Src/stm32f4xx_hal_i2c.c.obj
HAL_I2C_Slave_Receive_DMA                         cmake/stm32cubemx/CMakeFiles/STM32_Drivers.dir/__/__/Drivers/STM32F4xx_HAL_Driver/Src/stm32f4xx_hal_i2c.c.obj
HAL_I2C_Slave_Receive_IT                          cmake/stm32cubemx/CMakeFiles/STM32_Drivers.dir/__/__/Drivers/STM32F4xx_HAL_Driver/Src/stm32f4xx_hal_i2c.c.obj
HAL_I2C_Slave_Seq_Receive_DMA                     cmake/stm32cubemx/CMakeFiles/STM32_Drivers.dir/__/__/Drivers/STM32F4xx_HAL_Driver/Src/stm32f4xx_hal_i2c.c.obj
HAL_I2C_Slave_Seq_Receive_IT                      cmake/stm32cubemx/CMakeFiles/STM32_Drivers.dir/__/__/Drivers/STM32F4xx_HAL_Driver/Src/stm32f4xx_hal_i2c.c.obj
HAL_I2C_Slave_Seq_Transmit_DMA                    cmake/stm32cubemx/CMakeFiles/STM32_Drivers.dir/__/__/Drivers/STM32F4xx_HAL_Driver/Src/stm32f4xx_hal_i2c.c.obj
HAL_I2C_Slave_Seq_Transmit_IT                     cmake/stm32cubemx/CMakeFiles/STM32_Drivers.dir/__/__/Drivers/STM32F4xx_HAL_Driver/Src/stm32f4xx_hal_i2c.c.obj
HAL_I2C_Slave_Transmit                            cmake/stm32cubemx/CMakeFiles/STM32_Drivers.dir/__/__/Drivers/STM32F4xx_HAL_Driver/Src/stm32f4xx_hal_i2c.c.obj
HAL_I2C_Slave_Transmit_DMA                        cmake/stm32cubemx/CMakeFiles/STM32_Drivers.dir/__/__/Drivers/STM32F4xx_HAL_Driver/Src/stm32f4xx_hal_i2c.c.obj
HAL_I2C_Slave_Transmit_IT                         cmake/stm32cubemx/CMakeFiles/STM32_Drivers.dir/__/__/Drivers/STM32F4xx_HAL_Driver/Src/stm32f4xx_hal_i2c.c.obj
HAL_IncTick                                       cmake/stm32cubemx/CMakeFiles/STM32_Drivers.dir/__/__/Drivers/STM32F4xx_HAL_Driver/Src/stm32f4xx_hal.c.obj
                                                  CMakeFiles/SDK_Keyboard.dir/Src/stm32f4xx_it.c.obj
HAL_Init                                          cmake/stm32cubemx/CMakeFiles/STM32_Drivers.dir/__/__/Drivers/STM32F4xx_HAL_Driver/Src/stm32f4xx_hal.c.obj
                                                  CMakeFiles/SDK_Keyboard.dir/Src/main.c.obj
HAL_InitTick                                      cmake/stm32cubemx/CMakeFiles/STM32_Drivers.dir/__/__/Drivers/STM32F4xx_HAL_Driver/Src/stm32f4xx_hal.c.obj
                                                  cmake/stm32cubemx/CMakeFiles/STM32_Drivers.dir/__/__/Drivers/STM32F4xx_HAL_Driver/Src/stm32f4xx_hal_rcc_ex.c.obj
                                                  cmake/stm32cubemx/CMakeFiles/STM32_Drivers.dir/__/__/Drivers/STM32F4xx_HAL_Driver/Src/stm32f4xx_hal_rcc.c.obj
HAL_LIN_Init                                      cmake/stm32cubemx/CMakeFiles/STM32_Drivers.dir/__/__/Drivers/STM32F4xx_HAL_Driver/Src/stm32f4xx_hal_uart.c.obj
HAL_LIN_SendBreak                                 cmake/stm32cubemx/CMakeFiles/STM32_Drivers.dir/__/__/Drivers/STM32F4xx_HAL_Driver/Src/stm32f4xx_hal_uart.c.obj
HAL_MPU_ConfigRegion                              cmake/stm32cubemx/CMakeFiles/STM32_Drivers.dir/__/__/Drivers/STM32F4xx_HAL_Driver/Src/stm32f4xx_hal_cortex.c.obj
HAL_MPU_Disable                                   cmake/stm32cubemx/CMakeFiles/STM32_Drivers.dir/__/__/Drivers/STM32F4xx_HAL_Driver/Src/stm32f4xx_hal_cortex.c.obj
HAL_MPU_Enable                                    cmake/stm32cubemx/CMakeFiles/STM32_Drivers.dir/__/__/Drivers/STM32F4xx_HAL_Driver/Src/stm32f4xx_hal_cortex.c.obj
HAL_MspDeInit                                     cmake/stm32cubemx/CMakeFiles/STM32_Drivers.dir/__/__/Drivers/STM32F4xx_HAL_Driver/Src/stm32f4xx_hal.c.obj
HAL_MspInit                                       CMakeFiles/SDK_Keyboard.dir/Src/stm32f4xx_hal_msp.c.obj
HAL_MultiProcessor_EnterMuteMode                  cmake/stm32cubemx/CMakeFiles/STM32_Drivers.dir/__/__/Drivers/STM32F4xx_HAL_Driver/Src/stm32f4xx_hal_uart.c.obj
HAL_MultiProcessor_ExitMuteMode                   cmake/stm32cubemx/CMakeFiles/STM32_Drivers.dir/__/__/Drivers/STM32F4xx_HAL_Driver/Src/stm32f4xx_hal_uart.c.obj
HAL_MultiProcessor_Init                           cmake/stm32cubemx/CMakeFiles/STM32_Drivers.dir/__/__/Drivers/STM32F4xx_HAL_Driver/Src/stm32f4xx_hal_uart.c.obj
HAL_NVIC_ClearPendingIRQ                          cmake/stm32cubemx/CMakeFiles/STM32_Drivers.dir/__/__/Drivers/STM32F4xx_HAL_Driver/Src/stm32f4xx_hal_cortex.c.obj
HAL_NVIC_DisableIRQ                               cmake/stm32cubemx/CMakeFiles/STM32_Drivers.dir/__/__/Drivers/STM32F4xx_HAL_Driver/Src/stm32f4xx_hal_cortex.c.obj
HAL_NVIC_EnableIRQ                                cmake/stm32cubemx/CMakeFiles/STM32_Drivers.dir/__/__/Drivers/STM32F4xx_HAL_Driver/Src/stm32f4xx_hal_cortex.c.obj
HAL_NVIC_GetActive                                cmake/stm32cubemx/CMakeFiles/STM32_Drivers.dir/__/__/Drivers/STM32F4xx_HAL_Driver/Src/stm32f4xx_hal_cortex.c.obj
HAL_NVIC_GetPendingIRQ                            cmake/stm32cubemx/CMakeFiles/STM32_Drivers.dir/__/__/Drivers/STM32F4xx_HAL_Driver/Src/stm32f4xx_hal_cortex.c.obj
HAL_NVIC_GetPriority                              cmake/stm32cubemx/CMakeFiles/STM32_Drivers.dir/__/__/Drivers/STM32F4xx_HAL_Driver/Src/stm32f4xx_hal_cortex.c.obj
HAL_NVIC_GetPriorityGrouping                      cmake/stm32cubemx/CMakeFiles/STM32_Drivers.dir/__/__/Drivers/STM32F4xx_HAL_Driver/Src/stm32f4xx_hal_cortex.c.obj